[backblue.gif]
[fade.gif]
[index.html]
[temeats.com/feed/index.html]
[temeats.com/comments/feed/index.html]
[temeats.com/homepage/feed/index.html]
[temeats.com/wp-includes/js/jquery/jquery.mina7a0.js]
[temeats.com/wp-includes/js/jquery/jquery-migrate.mind617.js]
[temeats.com/wp-content/plugins/top-bar/js/tpbr_front.minc764.js]
[temeats.com/wp-content/cache/min/1/wp-content/themes/enfold/js/avia-compatf08d.js]
[temeats.com/wp-content/plugins/gravityforms/js/jquery.json.mina19e.js]
[temeats.com/wp-content/plugins/gravityforms/js/gravityforms.mina19e.js]
[temeats.com/wp-content/plugins/gravityforms/js/conditional_logic.mina19e.js]
[temeats.com/wp-json/index.html]
[temeats.com/wp-json/wp/v2/pages/10.json]
[temeats.com/xmlrpc0db0.php]
[temeats.com/wp-includes/wlwmanifest.xml]
[temeats.com/wp-json/oembed/1.0/embedaddc.json]
[temeats.com/wp-json/oembed/1.0/embed5ce2]
[temeats.com/wp-content/uploads/2015/06/temeats_favicon.png]
[temeats.com/wp-content/themes/enfold/config-templatebuilder/avia-template-builder/assets/fonts/entypo-fontello.woff2]
[temeats.com/wp-content/themes/enfold/config-templatebuilder/avia-template-builder/assets/fonts/entypo-fontello.woff]
[temeats.com/wp-content/themes/enfold/config-templatebuilder/avia-template-builder/assets/fonts/entypo-fontello.ttf]
[temeats.com/wp-content/themes/enfold/config-templatebuilder/avia-template-builder/assets/fonts/entypo-fontello.eot]
[temeats.com/wp-content/themes/enfold/config-templatebuilder/avia-template-builder/assets/fonts/entypo-fontellod41d.eot]
[temeats.com/wp-content/uploads/2015/05/logo1.png]
[temeats.com/wp-content/uploads/2015/06/slide4.jpg]
[temeats.com/wp-content/uploads/2015/06/schedule-animal-slider.png]
[temeats.com/wp-content/uploads/2015/06/slide5.jpg]
[temeats.com/wp-content/uploads/2015/06/slide3.jpg]
[temeats.com/wp-content/uploads/2020/11/Packing-Room.jpg]
[temeats.com/index.html]
[temeats.com/wp-content/uploads/2015/05/resources.png]
[temeats.com/wp-content/uploads/2015/05/services.png]
[temeats.com/wp-content/uploads/2015/05/our_farmers.png]
[fonts.googleapis.com/cssc533.html]
[temeats.com/wp-content/cache/min/1/wp-content/themes/enfold/css/gridf08d.css]
[temeats.com/wp-content/cache/min/1/wp-content/themes/enfold/css/basef08d.css]
[temeats.com/wp-content/themes/enfold/js/waypoints/waypoints.min4d5c.js]
[temeats.com/wp-content/cache/min/1/wp-content/themes/enfold/js/aviaf08d.js]
[temeats.com/wp-content/cache/min/1/wp-content/themes/enfold/js/shortcodesf08d.js]
[temeats.com/wp-content/cache/min/1/wp-content/themes/enfold/config-templatebuilder/avia-shortcodes/audio-player/audio-playerf08d.js]
[temeats.com/wp-content/themes/enfold/config-templatebuilder/avia-shortcodes/chart/chart-js.min4d5c.js]
[temeats.com/wp-content/cache/min/1/wp-content/themes/enfold/config-templatebuilder/avia-shortcodes/chart/chartf08d.js]
[temeats.com/wp-content/cache/min/1/wp-content/themes/enfold/config-templatebuilder/avia-shortcodes/contact/contactf08d.js]
[temeats.com/wp-content/cache/min/1/wp-content/themes/enfold/config-templatebuilder/avia-shortcodes/slideshow/slideshowf08d.js]
[temeats.com/wp-content/cache/min/1/wp-content/themes/enfold/config-templatebuilder/avia-shortcodes/countdown/countdownf08d.js]
[temeats.com/wp-content/cache/min/1/wp-content/themes/enfold/config-templatebuilder/avia-shortcodes/gallery/galleryf08d.js]
[temeats.com/wp-content/cache/min/1/wp-content/themes/enfold/config-templatebuilder/avia-shortcodes/gallery_horizontal/gallery_horizontalf08d.js]
[temeats.com/wp-content/cache/min/1/wp-content/themes/enfold/config-templatebuilder/avia-shortcodes/headline_rotator/headline_rotatorf08d.js]
[temeats.com/wp-content/cache/min/1/wp-content/themes/enfold/config-templatebuilder/avia-shortcodes/icon_circles/icon_circlesf08d.js]
[temeats.com/wp-content/cache/min/1/wp-content/themes/enfold/config-templatebuilder/avia-shortcodes/icongrid/icongridf08d.js]
[temeats.com/wp-content/cache/min/1/wp-content/themes/enfold/css/layoutf08d.css]
[temeats.com/wp-content/cache/min/1/wp-content/themes/enfold/config-templatebuilder/avia-shortcodes/iconlist/iconlistf08d.js]
[temeats.com/wp-content/cache/min/1/wp-content/themes/enfold/config-templatebuilder/avia-shortcodes/image_hotspots/image_hotspotsf08d.js]
[temeats.com/wp-content/cache/min/1/wp-content/themes/enfold/config-templatebuilder/avia-shortcodes/magazine/magazinef08d.js]
[temeats.com/wp-content/themes/enfold/config-templatebuilder/avia-shortcodes/portfolio/isotope.min4d5c.js]
[temeats.com/wp-content/cache/min/1/wp-content/themes/enfold/config-templatebuilder/avia-shortcodes/masonry_entries/masonry_entriesf08d.js]
[temeats.com/wp-content/cache/min/1/wp-content/themes/enfold/config-templatebuilder/avia-shortcodes/menu/menuf08d.js]
[temeats.com/wp-content/cache/min/1/wp-content/themes/enfold/config-templatebuilder/avia-shortcodes/notification/notificationf08d.js]
[temeats.com/wp-content/cache/min/1/wp-content/themes/enfold/config-templatebuilder/avia-shortcodes/numbers/numbersf08d.js]
[temeats.com/wp-content/cache/min/1/wp-content/themes/enfold/config-templatebuilder/avia-shortcodes/audio-player/audio-playerf08d.css]
[temeats.com/wp-content/cache/min/1/wp-content/themes/enfold/config-templatebuilder/avia-shortcodes/portfolio/portfoliof08d.js]
[temeats.com/wp-content/cache/min/1/wp-content/themes/enfold/config-templatebuilder/avia-shortcodes/progressbar/progressbarf08d.js]
[temeats.com/wp-content/cache/min/1/wp-content/themes/enfold/config-templatebuilder/avia-shortcodes/slideshow/slideshow-videof08d.js]
[temeats.com/wp-content/cache/min/1/wp-content/themes/enfold/config-templatebuilder/avia-shortcodes/slideshow_accordion/slideshow_accordionf08d.js]
[temeats.com/wp-content/cache/min/1/wp-content/themes/enfold/config-templatebuilder/avia-shortcodes/slideshow_fullscreen/slideshow_fullscreenf08d.js]
[temeats.com/wp-content/cache/min/1/wp-content/themes/enfold/config-templatebuilder/avia-shortcodes/slideshow_layerslider/slideshow_layersliderf08d.js]
[temeats.com/wp-content/cache/min/1/wp-content/themes/enfold/config-templatebuilder/avia-shortcodes/tab_section/tab_sectionf08d.js]
[temeats.com/wp-content/cache/min/1/wp-content/themes/enfold/config-templatebuilder/avia-shortcodes/tabs/tabsf08d.js]
[temeats.com/wp-content/cache/min/1/wp-content/themes/enfold/config-templatebuilder/avia-shortcodes/blog/blogf08d.css]
[temeats.com/wp-content/cache/min/1/wp-content/themes/enfold/config-templatebuilder/avia-shortcodes/testimonials/testimonialsf08d.js]
[temeats.com/wp-content/cache/min/1/wp-content/themes/enfold/config-templatebuilder/avia-shortcodes/timeline/timelinef08d.js]
[temeats.com/wp-content/cache/min/1/wp-content/themes/enfold/config-templatebuilder/avia-shortcodes/toggles/togglesf08d.js]
[temeats.com/wp-content/cache/min/1/wp-content/themes/enfold/config-templatebuilder/avia-shortcodes/video/videof08d.js]
[temeats.com/wp-content/cache/min/1/wp-content/themes/enfold/js/avia-snippet-hamburger-menuf08d.js]
[temeats.com/wp-content/cache/min/1/wp-content/themes/enfold/js/avia-snippet-parallaxf08d.js]
[temeats.com/wp-content/themes/enfold/js/aviapopup/jquery.magnific-popup.min4d5c.js]
[temeats.com/wp-content/cache/min/1/wp-content/themes/enfold/js/avia-snippet-lightboxf08d.js]
[temeats.com/wp-content/cache/min/1/wp-content/themes/enfold/config-templatebuilder/avia-shortcodes/postslider/postsliderf08d.css]
[temeats.com/wp-content/cache/min/1/wp-content/themes/enfold/js/avia-snippet-megamenuf08d.js]
[temeats.com/wp-content/cache/min/1/wp-content/themes/enfold/js/avia-snippet-footer-effectsc634.js]
[temeats.com/wp-content/cache/min/1/wp-content/themes/enfold/js/avia-snippet-widgetc634.js]
[temeats.com/wp-includes/js/mediaelement/mediaelement-and-player.min1f61.js]
[temeats.com/wp-includes/js/mediaelement/mediaelement-migrate.minc764.js]
[temeats.com/wp-includes/js/mediaelement/wp-mediaelement.minc764.js]
[temeats.com/wp-includes/js/dist/vendor/regenerator-runtime.min3937.js]
[temeats.com/wp-includes/js/dist/vendor/wp-polyfill.min2c7c.js]
[temeats.com/wp-content/cache/min/1/wp-content/themes/enfold/config-templatebuilder/avia-shortcodes/buttons/buttonsf08d.css]
[temeats.com/wp-includes/js/dist/dom-ready.minded6.js]
[temeats.com/wp-includes/js/dist/hooks.min6c65.js]
[temeats.com/wp-includes/js/dist/i18n.mine57b.js]
[temeats.com/wp-includes/js/dist/a11y.min65c7.js]
[temeats.com/wp-content/plugins/gravityforms/js/jquery.maskedinput.mina19e.js]
[temeats.com/wp-content/cache/min/1/wp-content/themes/enfold/framework/js/conditional_load/avia_google_maps_frontc634.js]
[temeats.com/wp-content/cache/min/1/wp-content/themes/enfold/config-layerslider/LayerSlider/assets/static/layerslider/js/layerslider.utilsc634.js]
[temeats.com/wp-content/cache/min/1/wp-content/themes/enfold/config-layerslider/LayerSlider/assets/static/layerslider/js/layerslider.kreaturamedia.jqueryc634.js]
[temeats.com/wp-content/cache/min/1/wp-content/themes/enfold/config-templatebuilder/avia-shortcodes/buttonrow/buttonrowf08d.css]
[temeats.com/wp-content/cache/min/1/wp-content/themes/enfold/config-layerslider/LayerSlider/assets/static/layerslider/js/layerslider.transitionsc634.js]
[temeats.com/wp-content/cache/min/1/wp-content/themes/enfold/config-templatebuilder/avia-shortcodes/buttons_fullwidth/buttons_fullwidthf08d.css]
[temeats.com/wp-content/cache/min/1/wp-content/themes/enfold/config-templatebuilder/avia-shortcodes/catalogue/cataloguef08d.css]
[temeats.com/wp-content/cache/min/1/wp-content/themes/enfold/config-templatebuilder/avia-shortcodes/comments/commentsf08d.css]
[temeats.com/wp-content/cache/min/1/wp-content/themes/enfold/config-templatebuilder/avia-shortcodes/contact/contactf08d.css]
[temeats.com/wp-content/cache/min/1/wp-content/themes/enfold/config-templatebuilder/avia-shortcodes/slideshow/slideshowf08d.css]
[temeats.com/wp-content/cache/min/1/wp-content/themes/enfold/config-templatebuilder/avia-shortcodes/contentslider/contentsliderf08d.css]
[temeats.com/wp-content/cache/min/1/wp-content/themes/enfold/config-templatebuilder/avia-shortcodes/countdown/countdownf08d.css]
[temeats.com/wp-content/cache/min/1/wp-content/themes/enfold/config-templatebuilder/avia-shortcodes/gallery/galleryf08d.css]
[temeats.com/wp-content/cache/min/1/wp-content/themes/enfold/config-templatebuilder/avia-shortcodes/gallery_horizontal/gallery_horizontalf08d.css]
[temeats.com/wp-content/cache/min/1/wp-content/themes/enfold/config-templatebuilder/avia-shortcodes/google_maps/google_mapsf08d.css]
[temeats.com/wp-content/cache/min/1/wp-content/themes/enfold/config-templatebuilder/avia-shortcodes/grid_row/grid_rowf08d.css]
[temeats.com/wp-content/cache/min/1/wp-content/themes/enfold/config-templatebuilder/avia-shortcodes/heading/headingf08d.css]
[temeats.com/wp-content/cache/min/1/wp-content/themes/enfold/config-templatebuilder/avia-shortcodes/headline_rotator/headline_rotatorf08d.css]
[temeats.com/wp-content/cache/min/1/wp-content/themes/enfold/config-templatebuilder/avia-shortcodes/hr/hrf08d.css]
[temeats.com/wp-content/cache/min/1/wp-content/themes/enfold/config-templatebuilder/avia-shortcodes/icon/iconf08d.css]
[temeats.com/wp-content/cache/min/1/wp-content/themes/enfold/config-templatebuilder/avia-shortcodes/icon_circles/icon_circlesf08d.css]
[temeats.com/wp-content/cache/min/1/wp-content/themes/enfold/config-templatebuilder/avia-shortcodes/iconbox/iconboxf08d.css]
[temeats.com/wp-content/cache/min/1/wp-content/themes/enfold/config-templatebuilder/avia-shortcodes/icongrid/icongridf08d.css]
[temeats.com/wp-content/cache/min/1/wp-content/themes/enfold/config-templatebuilder/avia-shortcodes/iconlist/iconlistf08d.css]
[temeats.com/wp-content/cache/min/1/wp-content/themes/enfold/config-templatebuilder/avia-shortcodes/image/imagef08d.css]
[temeats.com/wp-content/cache/min/1/wp-content/themes/enfold/config-templatebuilder/avia-shortcodes/image_hotspots/image_hotspotsf08d.css]
[temeats.com/wp-content/cache/min/1/wp-content/themes/enfold/config-templatebuilder/avia-shortcodes/magazine/magazinef08d.css]
[temeats.com/wp-content/cache/min/1/wp-content/themes/enfold/config-templatebuilder/avia-shortcodes/masonry_entries/masonry_entriesf08d.css]
[temeats.com/wp-content/cache/min/1/wp-content/themes/enfold/css/avia-snippet-site-preloaderf08d.css]
[temeats.com/wp-content/cache/min/1/wp-content/themes/enfold/config-templatebuilder/avia-shortcodes/menu/menuf08d.css]
[temeats.com/wp-content/cache/min/1/wp-content/themes/enfold/config-templatebuilder/avia-shortcodes/notification/notificationf08d.css]
[temeats.com/wp-content/cache/min/1/wp-content/themes/enfold/config-templatebuilder/avia-shortcodes/numbers/numbersf08d.css]
[temeats.com/wp-content/cache/min/1/wp-content/themes/enfold/config-templatebuilder/avia-shortcodes/portfolio/portfoliof08d.css]
[temeats.com/wp-content/cache/min/1/wp-content/themes/enfold/config-templatebuilder/avia-shortcodes/post_metadata/post_metadataf08d.css]
[temeats.com/wp-content/cache/min/1/wp-content/themes/enfold/config-templatebuilder/avia-shortcodes/progressbar/progressbarf08d.css]
[temeats.com/wp-content/cache/min/1/wp-content/themes/enfold/config-templatebuilder/avia-shortcodes/promobox/promoboxf08d.css]
[temeats.com/wp-content/cache/min/1/wp-content/themes/enfold/config-templatebuilder/avia-shortcodes/search/searchf08d.css]
[temeats.com/wp-content/cache/min/1/wp-content/themes/enfold/config-templatebuilder/avia-shortcodes/slideshow_accordion/slideshow_accordionf08d.css]
[temeats.com/wp-content/cache/min/1/wp-content/themes/enfold/config-templatebuilder/avia-shortcodes/slideshow_feature_image/slideshow_feature_imagef08d.css]
[temeats.com/wp-content/cache/min/1/wp-content/themes/enfold/config-templatebuilder/avia-shortcodes/slideshow_fullsize/slideshow_fullsizef08d.css]
[temeats.com/wp-content/cache/min/1/wp-content/themes/enfold/config-templatebuilder/avia-shortcodes/slideshow_fullscreen/slideshow_fullscreenf08d.css]
[temeats.com/wp-content/cache/min/1/wp-content/themes/enfold/config-templatebuilder/avia-shortcodes/slideshow_layerslider/slideshow_layersliderf08d.css]
[temeats.com/wp-content/cache/min/1/wp-content/themes/enfold/config-templatebuilder/avia-shortcodes/social_share/social_sharef08d.css]
[temeats.com/wp-content/cache/min/1/wp-content/themes/enfold/config-templatebuilder/avia-shortcodes/tab_section/tab_sectionf08d.css]
[temeats.com/wp-content/cache/min/1/wp-content/themes/enfold/config-templatebuilder/avia-shortcodes/table/tablef08d.css]
[temeats.com/wp-content/cache/min/1/wp-content/themes/enfold/config-templatebuilder/avia-shortcodes/tabs/tabsf08d.css]
[temeats.com/wp-content/cache/min/1/wp-content/themes/enfold/config-templatebuilder/avia-shortcodes/team/teamf08d.css]
[temeats.com/wp-content/cache/min/1/wp-content/themes/enfold/config-templatebuilder/avia-shortcodes/testimonials/testimonialsf08d.css]
[temeats.com/wp-content/cache/min/1/wp-content/themes/enfold/config-templatebuilder/avia-shortcodes/timeline/timelinef08d.css]
[temeats.com/wp-content/cache/min/1/wp-content/themes/enfold/config-templatebuilder/avia-shortcodes/toggles/togglesf08d.css]
[temeats.com/wp-content/cache/min/1/wp-content/themes/enfold/config-templatebuilder/avia-shortcodes/video/videof08d.css]
[temeats.com/wp-content/cache/min/1/wp-content/themes/enfold/config-layerslider/LayerSlider/assets/static/layerslider/css/layersliderf08d.css]
[temeats.com/wp-includes/css/dist/block-library/style.minc764.css]
[temeats.com/wp-content/cache/min/1/wp-content/plugins/top-bar/css/topbar_stylef08d.css]
[temeats.com/wp-content/cache/min/1/wp-content/themes/enfold/css/shortcodesf08d.css]
[temeats.com/wp-content/themes/enfold/js/aviapopup/magnific-popup.min4d5c.css]
[temeats.com/wp-content/cache/min/1/wp-content/themes/enfold/css/avia-snippet-lightboxf08d.css]
[temeats.com/wp-content/cache/min/1/wp-content/themes/enfold/css/avia-snippet-widgetf08d.css]
[temeats.com/wp-includes/js/mediaelement/mediaelementplayer-legacy.min1f61.css]
[temeats.com/wp-includes/js/mediaelement/wp-mediaelement.minc764.css]
[temeats.com/wp-content/cache/min/1/wp-content/uploads/dynamic_avia/te_meatsf08d.css]
[temeats.com/wp-content/cache/min/1/wp-content/themes/enfold/css/customf08d.css]
[temeats.com/wp-content/cache/min/1/wp-content/themes/temeats/stylef08d.css]
[temeats.com/wp-content/plugins/gravityforms/legacy/css/formreset.mina19e.css]
[temeats.com/wp-content/plugins/gravityforms/legacy/css/formsmain.mina19e.css]
[temeats.com/wp-content/plugins/gravityforms/legacy/css/readyclass.mina19e.css]
[temeats.com/wp-content/plugins/gravityforms/legacy/css/browsers.mina19e.css]
[temeats.com/wp-content/cache/min/1/wp-content/themes/enfold/config-gravityforms/gravity-modf08d.css]
[temeats.com/wp-content/cache/min/1/wp-content/uploads/dynamic_avia/avia_posts_css/post-10f08d.css]
[gmpg.org/xfn/11.html]
[temeats.com/xmlrpc.php]
[temeats.com/wp-content/themes/enfold/config-templatebuilder/avia-template-builder/assets/fonts/entypo-fontello.svg]
[schema.org/WPHeader.html]
[www.facebook.com/TEMeats.html]
[schema.org/SiteNavigationElement.html]
[temeats.com/services/feed/index.html]
[temeats.com/wp-json/wp/v2/pages/39.json]
[temeats.com/wp-json/oembed/1.0/embedf622.json]
[temeats.com/wp-json/oembed/1.0/embedcbce]
[temeats.com/wp-content/uploads/2021/11/2021-Processing-Fees-September-Update.pdf]
[temeats.com/wp-content/uploads/2020/11/Customer-Guidelines-2020.pdf]
[temeats.com/wp-content/uploads/2018/10/Customer-Guidelines-2017.pdf]
[temeats.com/wp-content/uploads/2015/05/cow-rect.jpg]
[temeats.com/wp-content/uploads/2015/05/pig-rect.jpg]
[temeats.com/wp-content/uploads/2015/05/lamb-rect.jpg]
[temeats.com/wp-content/uploads/2015/05/goat-rect.jpg]
[temeats.com/services/index.html]
[temeats.com/wp-content/uploads/2015/05/schedule-sidebar.png]
[temeats.com/customer-resources/index.html]
[temeats.com/cdn-cgi/scripts/5c5dd728/cloudflare-static/email-decode.min.js]
[temeats.com/wp-content/uploads/2015/06/services_sidebar.png]
[temeats.com/customer-resources/feed/index.html]
[temeats.com/wp-json/wp/v2/pages/133.json]
[temeats.com/wp-json/oembed/1.0/embed35c3.json]
[temeats.com/wp-json/oembed/1.0/embedeb3c]
[temeats.com/meats-resources/index.html]
[temeats.com/meats-resources/feed/index.html]
[temeats.com/wp-json/wp/v2/pages/129.json]
[temeats.com/wp-json/oembed/1.0/embedc9c3.json]
[temeats.com/wp-json/oembed/1.0/embed0404]
[temeats.com/wp-content/uploads/2020/11/2020-customer-guidelines.jpg]
[temeats.com/wp-content/uploads/2015/06/2014-Processing-Fees-Image-232x300.png]
[temeats.com/wp-content/uploads/2019/08/WL-Beef.pdf]
[temeats.com/wp-content/uploads/2019/08/WL-Pork-.pdf]
[temeats.com/wp-content/uploads/2018/09/Lamb-Cut-Sheet-092018.pdf]
[temeats.com/wp-content/uploads/2015/06/Goat-Cut-Sheet.pdf]
[temeats.com/wp-content/uploads/2019/08/Locker-Beef-Cut-Sheet.pdf]
[temeats.com/wp-content/uploads/2019/08/Locker-Pork-Cut-Sheet.pdf]
[temeats.com/wp-content/uploads/2020/11/Value-Added-Information.pdf]
[temeats.com/wp-content/uploads/2020/11/Value-Added-Image.jpg]
[temeats.com/wp-content/uploads/2015/06/Locker-Meat-Brochure-TE1.pdf]
[temeats.com/wp-content/uploads/2015/06/Locker-Meat-Brochure-Image-231x300.png]
[temeats.com/wp-content/uploads/2015/06/TE-Lable-Specs-Image.png]
[temeats.com/wp-content/uploads/2015/06/TE-Lable-Specs-Image-242x300.png]
[temeats.com/wp-content/uploads/2015/06/AWA-Logo-Final-300x276.jpg]
[temeats.com/meat-industry-information/feed/index.html]
[temeats.com/wp-json/wp/v2/pages/127.json]
[temeats.com/wp-json/oembed/1.0/embed5fb6.json]
[temeats.com/wp-json/oembed/1.0/embede7f1]
[temeats.com/wp-content/uploads/2015/06/AAMP-logo-hi-res.jpg]
[temeats.com/wp-content/uploads/2015/06/NMPAN_Logo-300x244.jpg]
[temeats.com/wp-content/uploads/2015/06/NCC_highRes_Logo-Ver-2.png]
[temeats.com/wp-content/uploads/2015/06/VABF-Logo-300x160.jpg]
[temeats.com/wp-content/uploads/2015/06/FHCASA-logo-high-res-300x93.jpg]
[temeats.com/wp-content/uploads/2015/06/Butchers-Guild-Logo.png]
[extension.org/mediawiki/files/0/00/Marketing_Beef_for_Small-Scale_Producers.html]
[temeats.com/wp-content/uploads/2020/11/meat-buyers-guide.jpg]
[temeats.com/wp-content/uploads/2020/11/meat-buyers-guide-180x180.jpg]
[temeats.com/wp-content/uploads/2015/06/Art-of-Beef-Cutting.jpg]
[temeats.com/wp-content/uploads/2015/06/Butchering-Beef.jpg]
[temeats.com/wp-content/uploads/2015/06/Whole-Best-Butchery.jpg]
[temeats.com/wp-content/uploads/2015/06/Charcuterie.jpg]
[temeats.com/wp-content/uploads/2015/06/Humane-Livestock.jpg]
[temeats.com/wp-content/uploads/2015/06/Humane-Livestock-234x300.jpg]
[temeats.com/meat-industry-information/index.html]
[temeats.com/wp-content/cache/min/1/wp-content/uploads/dynamic_avia/avia_posts_css/post-887330.css]
[temeats.com/wp-json/wp/v2/pages/88.json]
[temeats.com/local-meats-and-eats/feed/index.html]
[temeats.com/wp-json/oembed/1.0/embedfeb4.json]
[temeats.com/wp-json/oembed/1.0/embed8cdb]
[temeats.com/wp-content/uploads/2015/06/Beef-Dinner.png]
[temeats.com/local-meats-and-eats/index.html]
[temeats.com/wp-content/cache/min/1/wp-content/uploads/dynamic_avia/avia_posts_css/post-111305e.css]
[temeats.com/local-meats-and-eats/index1919.html]
[temeats.com/wp-json/wp/v2/pages/111.json]
[temeats.com/our-farmers/feed/index.html]
[temeats.com/wp-json/oembed/1.0/embed65eb.json]
[temeats.com/wp-json/oembed/1.0/embed447b]
[temeats.com/wp-content/uploads/2015/06/Our-Farmers-Top-Photo-1.jpg]
[temeats.com/wp-content/uploads/2016/06/Farmers-Producers-Table-of-Information-2-1.pdf]
[temeats.com/wp-content/uploads/2015/06/our-farmers-jl.svg]
[temeats.com/wp-content/uploads/2015/06/our-farmers-jl.jpg]
[temeats.com/wp-content/uploads/2015/06/our-farmers-pw.svg]
[temeats.com/wp-content/uploads/2015/06/our-farmers-pw.jpg]
[temeats.com/wp-content/uploads/2015/06/our-farmers-pf.svg]
[temeats.com/wp-content/uploads/2015/06/our-farmers-pf.jpg]
[temeats.com/our-farmers/index.html]
[temeats.com/wp-content/cache/min/1/wp-content/uploads/dynamic_avia/avia_posts_css/post-70241b.css]
[temeats.com/our-farmers/index1919.html]
[temeats.com/about/feed/index.html]
[temeats.com/wp-json/wp/v2/pages/70.json]
[temeats.com/wp-json/oembed/1.0/embed0c70.json]
[temeats.com/wp-json/oembed/1.0/embed936c]
[temeats.com/wp-content/uploads/2020/11/John-e1605792265383-240x300.jpg]
[temeats.com/wp-content/uploads/2015/06/TE-Alex-240x300.jpg]
[temeats.com/wp-content/uploads/2015/06/TE-DJ-240x300.jpg]
[temeats.com/wp-content/uploads/2020/11/Darnell-240x300.jpg]
[temeats.com/wp-content/uploads/2015/06/TE-Leroy-240x300.jpg]
[temeats.com/wp-content/uploads/2015/06/TE-Judy-240x300.jpg]
[temeats.com/wp-content/uploads/2020/11/Imelda-240x300.jpg]
[temeats.com/about/index1919.html]
[temeats.com/wp-content/uploads/2015/05/Owner-Joe-1030x685.jpg]
[temeats.com/wp-content/uploads/2015/05/Owner-Joel-1030x687.jpg]
[temeats.com/about/index.html]
[temeats.com/wp-json/wp/v2/pages/216.json]
[temeats.com/blog/feed/index.html]
[temeats.com/wp-json/oembed/1.0/embed1ea2.json]
[temeats.com/wp-json/oembed/1.0/embedd1ae]
[temeats.com/blog/index.html]
[temeats.com/blog/index1919.html]
[temeats.com/wp-json/wp/v2/categories/11.json]
[temeats.com/blog/page/2/index.html]
[temeats.com/wp-content/uploads/2015/06/New-Blog-Entry-Image-495x400.png]
[temeats.com/category/announcements/index.html]
[temeats.com/category/announcements/feed/index.html]
[temeats.com/blog/page/3/index.html]
[temeats.com/wp-content/cache/min/1/wp-content/plugins/gravityforms/assets/css/dist/basic.min4b5a.css]
[temeats.com/wp-content/plugins/gravityforms/assets/css/dist/theme-ie11.mina19e.css]
[temeats.com/category/announcements/index1919.html]
[temeats.com/wp-content/plugins/gravityforms/assets/css/dist/theme.mina19e.css]
[temeats.com/wp-content/cache/min/1/wp-content/uploads/dynamic_avia/avia_posts_css/post-724b5a.css]
[temeats.com/new-look-same-company/index.html]
[temeats.com/wp-json/wp/v2/pages/72.json]
[temeats.com/contact/feed/index.html]
[temeats.com/wp-json/oembed/1.0/embed0187.json]
[temeats.com/wp-json/oembed/1.0/embeddefd]
[temeats.com/wp-content/uploads/2020/11/Butchers.jpg]
[temeats.com/contact/index.html]
[temeats.com/index1919.html]
[temeats.com/wp-content/uploads/2015/06/schedule.svg]
[temeats.com/contact/index1919.html]
[temeats.com/wp-json/wp/v2/pages/250.json]
[temeats.com/schedule-animals-for-processing/feed/index.html]
[temeats.com/wp-json/oembed/1.0/embed82da.json]
[temeats.com/wp-json/oembed/1.0/embed9467]
[temeats.com/schedule-animals-for-processing.html]
[schema.org/CreativeWork.html]
[temeats.com/wp-content/uploads/2015/06/resources.svg]
[temeats.com/schedule-animals-for-processing/index1919.html]
[temeats.com/customer-resources.html]
[temeats.com/wp-content/uploads/2015/06/services.svg]
[temeats.com/services.html]
[temeats.com/wp-content/uploads/2015/06/our-farmers.svg]
[temeats.com/our-farmers.html]
[schema.org/Blog.html]
[temeats.com/wp-json/wp/v2/posts/4052.json]
[temeats.com/covid-19-unleashes-extraordinary-demand-for-local-meat-processing/feed/index.html]
[temeats.com/wp-json/oembed/1.0/embeda238.json]
[temeats.com/wp-json/oembed/1.0/embed1749]
[temeats.com/covid-19-unleashes-extraordinary-demand-for-local-meat-processing/index1919.html]
[www.tumblr.com/login444d.html]
[vk.com/share.130aad9.delayed]
[temeats.com/wp-includes/js/comment-reply.minc764.js]
[temeats.com/covid-19-unleashes-extraordinary-demand-for-local-meat-processing/index.html]
[schema.org/ImageObject.html]
[schema.org/Person.html]
[schema.org/dateModified.html]
[schema.org/mainEntityOfPage.html]
[temeats.com/wp-json/wp/v2/posts/828.json]
[temeats.com/te-meats-now-offers-value-added-processing-services-for-bacon-and-ham/feed/index.html]
[temeats.com/wp-json/oembed/1.0/embed8b2a.json]
[temeats.com/wp-json/oembed/1.0/embedbc0d]
[temeats.com/wp-content/uploads/2019/04/bacon-in-house-2-e1554477766423.jpg]
[temeats.com/wp-content/uploads/2019/04/Image-Ham.jpg]
[temeats.com/te-meats-now-offers-value-added-processing-services-for-bacon-and-ham/index1919.html]
[vk.com/share.141bb80.delayed]
[oauth.vk.com/authorize4b68.html]
[temeats.com/te-meats-now-offers-value-added-processing-services-for-bacon-and-ham/index.html]
[temeats.com/wp-json/wp/v2/posts/821.json]
[temeats.com/virginia-farm-to-school-conference-march-14/feed/index.html]
[temeats.com/wp-json/oembed/1.0/embed7efd.json]
[temeats.com/wp-json/oembed/1.0/embedcb22]
[temeats.com/wp-content/uploads/2019/03/farm-to-school-conference-agenda-2-2.docx]
[temeats.com/virginia-farm-to-school-conference-march-14/index1919.html]
[www.tumblr.com/loginae29.html]
[vk.com/share.15131a4.delayed]
[oauth.vk.com/authorized4f8.html]
[temeats.com/virginia-farm-to-school-conference-march-14/index.html]
[temeats.com/wp-json/wp/v2/pages/309.json]
[temeats.com/animal-processing-thank-you/feed/index.html]
[temeats.com/wp-json/oembed/1.0/embedf977.json]
[temeats.com/animal-processing-thank-you/index.html]
[temeats.com/wp-json/oembed/1.0/embedc20c]
[temeats.com/wp-json/wp/v2/pages/311.json]
[temeats.com/animal-processing-thank-you/index1919.html]
[temeats.com/contact-thank-you/feed/index.html]
[temeats.com/wp-json/oembed/1.0/embed9864.json]
[temeats.com/contact-thank-you/index.html]
[temeats.com/wp-json/oembed/1.0/embed8c39]
[temeats.com/wp-content/cache/min/1/wp-content/uploads/dynamic_avia/avia_posts_css/post-1367461f.css]
[temeats.com/contact-thank-you/index1919.html]
[temeats.com/wp-json/wp/v2/pages/1367.json]
[temeats.com/wp-json/oembed/1.0/embed0ab5.json]
[temeats.com/covid-19-response/index.html]
[temeats.com/wp-json/oembed/1.0/embede2a1]
[temeats.com/wp-json/wp/v2/pages/252.json]
[temeats.com/covid-19-response/index1919.html]
[temeats.com/get-in-touch/feed/index.html]
[temeats.com/wp-json/oembed/1.0/embedf900.json]
[temeats.com/get-in-touch/index.html]
[temeats.com/wp-json/oembed/1.0/embed3012]
[temeats.com/get-in-touch/index1919.html]
[temeats.com/wp-json/wp/v2/pages/313.json]
[temeats.com/get-in-touch-thank-you/feed/index.html]
[temeats.com/wp-json/oembed/1.0/embed21df.json]
[temeats.com/get-in-touch-thank-you/index.html]
[temeats.com/wp-json/oembed/1.0/embed3ea3]
[temeats.com/wp-json/wp/v2/pages/315.json]
[temeats.com/get-in-touch-thank-you/index1919.html]
[temeats.com/have-questions-thank-you/feed/index.html]
[temeats.com/wp-json/oembed/1.0/embed23a4.json]
[temeats.com/have-questions-thank-you/index.html]
[temeats.com/wp-json/oembed/1.0/embed61ba]
[temeats.com/wp-content/cache/min/1/wp-content/uploads/dynamic_avia/avia_posts_css/post-106d6e0.css]
[temeats.com/have-questions-thank-you/index1919.html]
[temeats.com/jl-green-farm/feed/index.html]
[temeats.com/wp-json/wp/v2/pages/106.json]
[temeats.com/wp-json/oembed/1.0/embed5c72.json]
[temeats.com/wp-json/oembed/1.0/embedeab3]
[temeats.com/wp-content/uploads/2015/06/jl-sheep-300x200.jpg]
[temeats.com/wp-content/uploads/2015/06/jl-shop-300x200.jpg]
[temeats.com/jl-green-farm/index1919.html]
[www.jlgreenfarm.com/t-buying-clubs.16e.delayed]
[www.jlgreenfarm.com/t-wholesale.aspx]
[temeats.com/wp-content/uploads/2015/06/jl-fam-200x300.jpg]
[www.jlgreenfarm.com/t-on-the-farm.aspx]
[www.jlgreenfarm.com/t-blog.aspx]
[temeats.com/jl-green-farm/index.html]
[temeats.com/wp-content/cache/min/1/wp-content/uploads/dynamic_avia/avia_posts_css/post-93551d.css]
[temeats.com/wp-json/wp/v2/pages/93.json]
[temeats.com/papa-weavers-pork/feed/index.html]
[temeats.com/wp-json/oembed/1.0/embed18f9.json]
[temeats.com/wp-json/oembed/1.0/embedc134]
[temeats.com/wp-content/uploads/2015/06/Papa-Weaver-2.jpg]
[temeats.com/wp-content/uploads/2015/06/Papa-Weaver-5-300x225.png]
[www.papaweaver.com/order.17c.delayed]
[www.papaweaver.com/products.17d.delayed]
[www.papaweaver.com/marketinfo.17e.delayed]
[www.papaweaver.com/media.17f.delayed]
[temeats.com/wp-content/uploads/2015/06/Papa-Weaver-3-e1433172738994.jpg]
[temeats.com/papa-weavers-pork/index.html]
[www.papaweaver.com/index.html]
[temeats.com/papa-weavers-pork/index1919.html]
[temeats.com/wp-content/cache/min/1/wp-content/uploads/dynamic_avia/avia_posts_css/post-1089aac.css]
[temeats.com/polyface-farms/feed/index.html]
[temeats.com/wp-json/wp/v2/pages/108.json]
[temeats.com/wp-json/oembed/1.0/embed5caf.json]
[temeats.com/wp-json/oembed/1.0/embed0d1f]
[temeats.com/wp-content/uploads/2015/06/pf-joel-495x400.jpg]
[temeats.com/wp-content/uploads/2015/06/pf-pigs-300x300.jpg]
[temeats.com/polyface-farms/index.html]
[temeats.com/schedule-animals-for-processing/index.html]
[temeats.com/polyface-farms/index1919.html]
[temeats.com/wp-json/wp/v2/categories/1.json]
[temeats.com/wp-content/uploads/2015/06/blog-saw-danny-495x400.png]
[temeats.com/wp-content/uploads/2015/05/Owner-Joel-495x400.jpg]
[temeats.com/wp-content/uploads/2016/08/New-Logo-Sign-on-Building.jpg]
[temeats.com/wp-content/uploads/2015/07/TE-Alpaca-495x400.jpg]
[temeats.com/category/uncategorized/index.html]
[temeats.com/2020/11/index.html]
[temeats.com/2019/04/index.html]
[temeats.com/2019/03/index.html]
[temeats.com/2019/02/index.html]
[temeats.com/category/uncategorized/feed/index.html]
[temeats.com/2018/12/index.html]
[temeats.com/category/uncategorized/index1919.html]
[temeats.com/2018/11/index.html]
[temeats.com/te-meats-passes-first-3rd-party-food-safety-audit/index.html]
[temeats.com/te-meats-and-west-virginia-flood-relief-efforts/index.html]
[temeats.com/2018/10/index.html]
[temeats.com/category/uncategorized/page/3/index.html]
[temeats.com/category/uncategorized/page/2/index.html]
[temeats.com/2020/11/index1919.html]
[temeats.com/a-first-for-te/index.html]
[temeats.com/nine-freakin-years/index.html]
[temeats.com/2018/01/index.html]
[temeats.com/our-new-look/index.html]
[temeats.com/niche-meat-processor-assistance-network-publishes-interview-with-te-meats-owner-joe-cloud/index.html]
[temeats.com/2017/07/index.html]
[temeats.com/2016/08/index.html]
[temeats.com/2020/index.html]
[temeats.com/2015/07/index.html]
[temeats.com/2019/04/index1919.html]
[temeats.com/2019/index.html]
[temeats.com/2015/06/index.html]
[temeats.com/2019/03/index1919.html]
[temeats.com/2019/02/index1919.html]
[temeats.com/2018/11/index1919.html]
[temeats.com/2014/11/index.html]
[temeats.com/2018/12/index1919.html]
[temeats.com/2018/01/index1919.html]
[temeats.com/2012/04/index.html]
[temeats.com/2017/07/index1919.html]
[temeats.com/2017/index.html]
[temeats.com/2018/10/index1919.html]
[temeats.com/2018/index.html]
[temeats.com/2012/03/index.html]
[temeats.com/2016/08/index1919.html]
[temeats.com/2016/index.html]
[temeats.com/2015/07/index1919.html]
[temeats.com/wp-content/uploads/2015/06/blog-sow.png]
[temeats.com/2010/05/index.html]
[temeats.com/2015/index.html]
[temeats.com/2015/06/index1919.html]
[temeats.com/wp-content/uploads/2015/06/blog-joe-319x400.png]
[temeats.com/wp-content/uploads/2009/12/blog_image_cows-495x400.png]
[temeats.com/2014/index.html]
[temeats.com/wp-content/uploads/2015/06/blog_image-308x400.png]
[temeats.com/2009/12/index.html]
[schema.org/WPFooter.html]
[www.estlanddesign.com/index.html]
[temeats.com/2012/03/index1919.html]
[temeats.com/the-new-york-times-ethics-of-meat-contest/index.html]
[temeats.com/i-like-meat/index.html]
[temeats.com/wp-content/themes/enfold/framework/index.html]
[temeats.com/2012/04/index1919.html]
[temeats.com/2012/index.html]
[temeats.com/wp-content/themes/enfold/index.html]
[temeats.com/wp-admin/admin-ajax.html]
[temeats.com/2014/11/index1919.html]
[temeats.com/wp-content/cache/min/1/wp-content/uploads/dynamic_avia/avia_posts_css/post-394cc4.css]
[temeats.com/2010/index.html]
[temeats.com/2010/05/index1919.html]
[temeats.com/indexba52.html]
[temeats.com/the-fight-to-save-small-scale-slaughterhouses-the-atlantic/index.html]
[temeats.com/2009/12/index1919.html]
[temeats.com/surprise/index.html]
[temeats.com/how-high-tech-butchers-niche-operations-differ-sfgate/index.html]
[temeats.com/2009/index.html]
[temeats.com/services/index1919.html]
[schema.org/BreadcrumbList.html]
[temeats.com/cdn-cgi/l/email-protection.html]
[temeats.com/next-slaughterhouse-extinction-wave/index.html]
[temeats.com/the-beauty-of-local-hogs/index.html]
[temeats.com/2009-mid-atlantic-grass-finished-livestock-conference/index.html]
[temeats.com/notes-from-a-slaughterhouse-using-the-whole-animal/index.html]
[temeats.com/notes-from-a-slaughterhouse-the-one-that-got-away/index.html]
[temeats.com/education-outreach/index.html]
[temeats.com/wp-json/wp/v2/posts/818.json]
[temeats.com/piedmont-environmental-council-beef-survey/feed/index.html]
[temeats.com/wp-json/oembed/1.0/embed2033.json]
[temeats.com/wp-json/oembed/1.0/embed2557]
[619roofing.com/index.html]
[temeats.com/piedmont-environmental-council-beef-survey/index1919.html]
[www.tumblr.com/loginfffc.html]
[vk.com/share.19cb35c.delayed]
[oauth.vk.com/authorizec37c.html]
[temeats.com/piedmont-environmental-council-beef-survey/index.html]
[temeats.com/upcoming-holiday-hours/feed/index.html]
[temeats.com/wp-json/wp/v2/posts/790.json]
[temeats.com/wp-json/oembed/1.0/embed4213.json]
[temeats.com/wp-json/oembed/1.0/embedec8d]
[temeats.com/upcoming-holiday-hours/index1919.html]
[www.tumblr.com/login9127.html]
[vk.com/share.1aa3789.delayed]
[oauth.vk.com/authorizebd07.html]
[temeats.com/upcoming-holiday-hours/index.html]
[temeats.com/wp-json/wp/v2/posts/783.json]
[temeats.com/thanksgiving-holiday-hours/feed/index.html]
[temeats.com/wp-json/oembed/1.0/embed88fe.json]
[temeats.com/wp-json/oembed/1.0/embed0510]
[temeats.com/thanksgiving-holiday-hours/index1919.html]
[www.tumblr.com/login6c2d.html]
[vk.com/share.1b84ed9.delayed]
[oauth.vk.com/authorizeb5d0.html]
[temeats.com/thanksgiving-holiday-hours/index.html]
[temeats.com/wp-json/wp/v2/posts/771.json]
[temeats.com/announcing-fhcasas-go-grass-fed-campaign/feed/index.html]
[temeats.com/wp-json/oembed/1.0/embed1065.json]
[temeats.com/wp-json/oembed/1.0/embedb111]
[temeats.com/wp-content/uploads/2018/10/20-future-harvest.jpg]
[temeats.com/wp-content/uploads/2018/10/cow.jpg]
[futureharvestcasa.us16.list-manage.com/track/click.1c01c57.delayed]
[temeats.com/wp-content/uploads/2018/10/amazing-grazing.jpg]
[temeats.com/wp-content/uploads/2018/10/amazing-grazing-223x300.jpg]
[temeats.com/announcing-fhcasas-go-grass-fed-campaign/index1919.html]
[futureharvestcasa.us16.list-manage.com/track/click4c3f]
[futureharvestcasa.us16.list-manage.com/track/clickd8a9]
[futureharvestcasa.us16.list-manage.com/track/click0535]
[temeats.com/wp-content/uploads/2018/10/sponsors.png]
[temeats.com/wp-content/uploads/2018/10/usda.png]
[futureharvest.org/index.html]
[vk.com/share.1d2c152.delayed]
[oauth.vk.com/authorize30f6.html]
[temeats.com/announcing-fhcasas-go-grass-fed-campaign/index.html]
[temeats.com/wp-json/wp/v2/posts/717.json]
[temeats.com/contacting-us-through-this-web-site/feed/index.html]
[temeats.com/wp-json/oembed/1.0/embed4c07.json]
[temeats.com/wp-json/oembed/1.0/embed81f2]
[temeats.com/contacting-us-through-this-web-site/index1919.html]
[www.tumblr.com/login3e65.html]
[vk.com/share.1e02783.delayed]
[temeats.com/contacting-us-through-this-web-site/index.html]
[temeats.com/wp-json/wp/v2/posts/714.json]
[temeats.com/available-processing-services/feed/index.html]
[temeats.com/wp-json/oembed/1.0/embed97fd.json]
[temeats.com/wp-json/oembed/1.0/embed5079]
[temeats.com/available-processing-services/index1919.html]
[www.tumblr.com/login89bc.html]
[vk.com/share.1eee218.delayed]
[oauth.vk.com/authorize235e.html]
[temeats.com/wp-content/uploads/2015/05/Owner-Joel-80x80.jpg]
[temeats.com/available-processing-services/index.html]
[schema.org/WPSideBar.html]
[temeats.com/wp-content/uploads/2015/06/schedule-sidebar.svg]
[temeats.com/wp-content/cache/min/1/wp-content/uploads/dynamic_avia/avia_posts_css/post-1337be2.css]
[temeats.com/index9c49.html]
[temeats.com/customer-resources/index1919.html]
[temeats.com/meats-resources.html]
[temeats.com/wp-content/cache/min/1/wp-content/uploads/dynamic_avia/avia_posts_css/post-129a42c.css]
[temeats.com/index1c00.html]
[temeats.com/meats-resources/index1919.html]
[animalwelfareapproved.org/index.html]
[temeats.com/wp-content/cache/min/1/wp-content/uploads/dynamic_avia/avia_posts_css/post-127a0d7.css]
[temeats.com/index9751.html]
[temeats.com/meat-industry-information/index1919.html]
[www.aamp.com/index.html]
[www.nichemeatprocessing.org/index.html]
[ncchoices.ces.ncsu.edu/about-ncc-and-partners/index.html]
[www.futureharvestcasa.org/index.html]
[www.thebutchersguild.org/index.html]
[extension.org/mediawiki/files/0/00/Marketing_Beef_for_Small-Scale_Producers.html]
[rangepartners.com/index.html]
[www.adamdanforth.com/index.html]
[www.ruhlman.com/index.html]
[temeats.com/wp-content/cache/min/1/wp-content/uploads/dynamic_avia/avia_posts_css/post-887330.css]
[temeats.com/index8ed7.html]
[temeats.com/local-meats-and-eats/index1919.html]
[www.thecomputeradmin.com/index.html]
[temeats.com/wp-content/cache/min/1/wp-content/uploads/dynamic_avia/avia_posts_css/post-111305e.css]
[temeats.com/indexbbbb.html]
[temeats.com/our-farmers/index1919.html]
[temeats.com/wp-content/uploads/2015/06/our-farmers-jl.svg]
[temeats.com/wp-content/uploads/2015/06/our-farmers-pw.svg]
[temeats.com/wp-content/uploads/2015/06/our-farmers-pf.svg]
[temeats.com/wp-content/cache/min/1/wp-content/uploads/dynamic_avia/avia_posts_css/post-70241b.css]
[temeats.com/index3f3a.html]
[temeats.com/about/index1919.html]
[temeats.com/index4659.html]
[temeats.com/blog/index1919.html]
[schema.org/BlogPosting.html]
[temeats.com/wp-content/uploads/2015/05/Owner-Joel-180x180.jpg]
[temeats.com/wp-content/uploads/2016/08/New-Logo-Sign-on-Building-180x180.jpg]
[temeats.com/wp-content/uploads/2015/07/TE-Alpaca-180x180.jpg]
[temeats.com/wp-content/uploads/2015/06/New-Blog-Entry-Image-180x180.png]
[temeats.com/wp-content/uploads/2015/06/blog-saw-danny-180x180.png]
[temeats.com/blog/page/2/index.html]
[temeats.com/wp-content/uploads/2015/06/blog-sow-180x180.png]
[temeats.com/wp-content/uploads/2015/06/blog-joe-180x180.png]
[temeats.com/wp-content/uploads/2015/06/blog_image-180x180.png]
[temeats.com/wp-content/uploads/2009/12/blog_image_cows-180x180.png]
[temeats.com/blog/page/3/index.html]
[temeats.com/category/announcements/index1919.html]
[temeats.com/wp-json/wp/v2/posts/501.json]
[temeats.com/new-look-same-company/feed/index.html]
[temeats.com/wp-json/oembed/1.0/embed6bf8.json]
[temeats.com/wp-json/oembed/1.0/embede83b]
[temeats.com/wp-content/uploads/2015/06/New-Blog-Entry-Image-1030x1021.png]
[temeats.com/wp-content/uploads/2015/06/New-Blog-Entry-Image-300x297.png]
[temeats.com/new-look-same-company/index1919.html]
[www.mattressmakers.com/mattress-stores/san-diego/index.html]
[temeats.com/tag/agua-fund/index.html]
[temeats.com/tag/estland/index.html]
[temeats.com/tag/staunton-creative-community-fund/index.html]
[temeats.com/tag/te-meats/index.html]
[temeats.com/tag/valley-conservation-council/index.html]
[www.tumblr.com/login1c46.html]
[vk.com/share.2097833.delayed]
[oauth.vk.com/authorize7ab2.html]
[temeats.com/wp-content/uploads/2015/06/blog-saw-danny-80x80.png]
[temeats.com/wp-content/uploads/2015/07/TE-Alpaca-80x80.jpg]
[temeats.com/new-look-same-company/index.html]
[temeats.com/wp-content/cache/min/1/wp-content/plugins/gravityforms/assets/css/dist/basic.min4b5a.css]
[temeats.com/wp-content/plugins/gravityforms/assets/css/dist/theme-components.mina19e.css]
[temeats.com/wp-content/plugins/gravityforms/assets/css/dist/theme-ie11.mina19e.css]
[temeats.com/wp-content/plugins/gravityforms/assets/css/dist/theme.mina19e.css]
[temeats.com/wp-content/cache/min/1/wp-content/uploads/dynamic_avia/avia_posts_css/post-724b5a.css]
[temeats.com/indexae74.html]
[temeats.com/contact/index1919.html]
[www.google.com/maps/embed/v1/place86e8.html]
[temeats.com/indexc807.html]
[temeats.com/schedule-animals-for-processing/index1919.html]
[temeats.com/indexc6f8.html]
[temeats.com/covid-19-unleashes-extraordinary-demand-for-local-meat-processing/index1919.html]
[www.facebook.com/sharer92af.html]
[twitter.com/share28ca]
[api.whatsapp.com/sendf15f.html]
[pinterest.com/pin/create/button/index8410.html]
[linkedin.com/shareArticle20c8.html]
[assets.tumblr.com/pop/manifest/favicon-0e3d244a.ico]
[assets.tumblr.com/pop/manifest/favicon-cfddd25f.svg]
[assets.tumblr.com/pop/manifest/safari-pinned-tab-ad5440dd.svg]
[assets.tumblr.com/pop/manifest/apple-touch-icon-873b11b4.png]
[www.tumblr.com/login.html]
[assets.tumblr.com/pop/src/assets/fonts/favorit/favorit-medium-fbc7316f.woff2]
[assets.tumblr.com/pop/src/assets/fonts/favorit/favorit-85-cf2f6136.woff2]
[assets.tumblr.com/pop/css/main-013d66e1.css]
[assets.tumblr.com/pop/8774-8abd3ce0.css]
[assets.tumblr.com/pop/2321-db7efb7d.css]
[assets.tumblr.com/pop/3818-f986cbae.css]
[assets.tumblr.com/pop/2799-ab1796ab.css]
[assets.tumblr.com/pop/1838-967c73db.css]
[assets.tumblr.com/pop/13-4efe3fd9.css]
[assets.tumblr.com/pop/landing-page-f0c72a9f.css]
[www.tumblr.com/login444d.html]
[www.tumblr.com/manifest.json]
[reddit.com/submit20f2]
[temeats.com/indexe4dc.html]
[temeats.com/te-meats-now-offers-value-added-processing-services-for-bacon-and-ham/index1919.html]
[www.facebook.com/sharer969b.html]
[twitter.com/share1fda]
[api.whatsapp.com/sendc4e1.html]
[pinterest.com/pin/create/button/index9d71.html]
[linkedin.com/shareArticle4cb3.html]
[vk.com/css/al/common.910ab324010948c3f552.css]
[vk.com/css/al/base.fb1f9176f1f18f31fafa.css]
[vk.com/css/al/vkui.6fc5f769d34bd7686a9a.css]
[vk.com/css/al/fonts_utf.2546d253c69649b0561c.css]
[vk.com/css/api/oauth_popup.593ce0d6568d49594059.css]
[oauth.vk.com/authorize4b68.html]
[reddit.com/submitf355]
[temeats.com/index6d2c.html]
[temeats.com/virginia-farm-to-school-conference-march-14/index1919.html]
[vk.com/css/al/fonts_cnt.a289ed70815ffbd082ae.css]
[www.surveymonkey.com/survey-closed/index51ee.html]
[www.facebook.com/sharerfa18.html]
[twitter.com/shared785]
[api.whatsapp.com/sendc214.html]
[pinterest.com/pin/create/button/index2ef8.html]
[linkedin.com/shareArticle8f98.html]
[www.tumblr.com/loginae29.html]
[oauth.vk.com/authorized4f8.html]
[reddit.com/submit57f9]
[temeats.com/indexef92.html]
[temeats.com/animal-processing-thank-you/index1919.html]
[temeats.com/index2e31.html]
[temeats.com/contact-thank-you/index1919.html]
[temeats.com/wp-content/cache/min/1/wp-content/uploads/dynamic_avia/avia_posts_css/post-1367461f.css]
[temeats.com/index0228.html]
[temeats.com/covid-19-response/index1919.html]
[temeats.com/indexa943.html]
[temeats.com/get-in-touch/index1919.html]
[temeats.com/index8c55.html]
[temeats.com/get-in-touch-thank-you/index1919.html]
[temeats.com/index7d3e.html]
[temeats.com/have-questions-thank-you/index1919.html]
[temeats.com/wp-content/cache/min/1/wp-content/uploads/dynamic_avia/avia_posts_css/post-106d6e0.css]
[temeats.com/index153d.html]
[temeats.com/jl-green-farm/index1919.html]
[www.jlgreenfarm.com/t-buying-clubs.html]
[www.jlgreenfarm.com/t-wholesale.html]
[www.jlgreenfarm.com/index.html]
[www.jlgreenfarm.com/t-on-the-farm.html]
[www.jlgreenfarm.com/t-blog.html]
[temeats.com/wp-content/cache/min/1/wp-content/uploads/dynamic_avia/avia_posts_css/post-93551d.css]
[temeats.com/index36d4.html]
[temeats.com/papa-weavers-pork/index1919.html]
[www.papaweaver.com/order.html]
[www.papaweaver.com/index.html]
[www.papaweaver.com/products.html]
[www.papaweaver.com/marketinfo.html]
[www.papaweaver.com/media.html]
[temeats.com/wp-content/cache/min/1/wp-content/uploads/dynamic_avia/avia_posts_css/post-1089aac.css]
[temeats.com/index460d.html]
[temeats.com/polyface-farms/index1919.html]
[www.polyfaceyum.com/index.html]
[www.polyfacefarms.com/index.html]
[www.polyfacefarms.com/visit/index.html]
[www.polyfacefarms.com/food-sales/index.html]
[www.polyfacefarms.com/dining/index.html]
[www.polyfacefarms.com/retail-stores/index.html]
[www.polyfacefarms.com/production/index.html]
[www.polyfacefarms.com/farm-tours/index.html]
[www.polyfacefarms.com/speaking-protocol/index.html]
[temeats.com/category/uncategorized/index1919.html]
[temeats.com/wp-json/wp/v2/posts/689.json]
[temeats.com/te-meats-passes-first-3rd-party-food-safety-audit/feed/index.html]
[temeats.com/wp-json/oembed/1.0/embed3485.json]
[temeats.com/wp-json/oembed/1.0/embed7831]
[temeats.com/te-meats-passes-first-3rd-party-food-safety-audit/index1919.html]
[www.tumblr.com/login9eca.html]
[temeats.com/te-meats-passes-first-3rd-party-food-safety-audit/index.html]
[temeats.com/wp-json/wp/v2/posts/692.json]
[temeats.com/nine-freakin-years/feed/index.html]
[temeats.com/wp-json/oembed/1.0/embed04f2.json]
[temeats.com/wp-json/oembed/1.0/embed9e3d]
[temeats.com/nine-freakin-years/index1919.html]
[www.tumblr.com/login5702.html]
[vk.com/share.23d6166.delayed]
[oauth.vk.com/authorizee1a3.html]
[temeats.com/nine-freakin-years/index.html]
[temeats.com/te-meats-and-west-virginia-flood-relief-efforts/feed/index.html]
[temeats.com/wp-json/wp/v2/posts/634.json]
[temeats.com/wp-json/oembed/1.0/embed3a4e.json]
[temeats.com/wp-json/oembed/1.0/embed1d43]
[temeats.com/te-meats-and-west-virginia-flood-relief-efforts/index1919.html]
[www.tumblr.com/loginb2ff.html]
[vk.com/share.24bd231.delayed]
[oauth.vk.com/authorize2312.html]
[temeats.com/wp-content/uploads/2016/08/New-Logo-Sign-on-Building-80x80.jpg]
[temeats.com/te-meats-and-west-virginia-flood-relief-efforts/index.html]
[temeats.com/wp-json/wp/v2/posts/629.json]
[temeats.com/our-new-look/feed/index.html]
[temeats.com/wp-json/oembed/1.0/embed10fe.json]
[temeats.com/wp-json/oembed/1.0/embed85c7]
[temeats.com/wp-content/uploads/2016/08/New-Logo-Sign-on-Building-283x300.jpg]
[temeats.com/our-new-look/index1919.html]
[temeats.com/tag/logo/index.html]
[temeats.com/tag/sign/index.html]
[www.tumblr.com/login175f.html]
[vk.com/share.25b5644.delayed]
[oauth.vk.com/authorize99cb.html]
[temeats.com/our-new-look/index.html]
[temeats.com/a-first-for-te/feed/index.html]
[temeats.com/wp-json/wp/v2/posts/530.json]
[temeats.com/wp-json/oembed/1.0/embed98dd.json]
[temeats.com/wp-json/oembed/1.0/embed623e]
[temeats.com/wp-content/uploads/2015/07/TE-Alpaca-1030x1030.jpg]
[temeats.com/wp-content/uploads/2015/07/TE-Alpaca.jpg]
[temeats.com/wp-content/uploads/2015/07/TE-Alpaca-300x300.jpg]
[temeats.com/a-first-for-te/index1919.html]
[temeats.com/tag/alpaca/index.html]
[temeats.com/tag/exotics/index.html]
[temeats.com/tag/slaughter/index.html]
[www.tumblr.com/login81de.html]
[temeats.com/wp-content/uploads/2015/06/New-Blog-Entry-Image-80x80.png]
[temeats.com/a-first-for-te/index.html]
[temeats.com/niche-meat-processor-assistance-network-publishes-interview-with-te-meats-owner-joe-cloud/feed/index.html]
[temeats.com/wp-json/wp/v2/posts/200.json]
