[temeats.com/index.html]
[backblue.gif]
[fade.gif]
[index.html]
[temeats.com/wp-content/cache/min/1/wp-content/themes/enfold/css/gridf08d.css]
[temeats.com/wp-content/cache/min/1/wp-content/themes/enfold/css/basef08d.css]
[temeats.com/wp-content/cache/min/1/wp-content/themes/enfold/css/layoutf08d.css]
[temeats.com/wp-content/cache/min/1/wp-content/themes/enfold/config-templatebuilder/avia-shortcodes/audio-player/audio-playerf08d.css]
[temeats.com/feed/index.html]
[temeats.com/wp-content/cache/min/1/wp-content/themes/enfold/config-templatebuilder/avia-shortcodes/blog/blogf08d.css]
[temeats.com/wp-content/cache/min/1/wp-content/themes/enfold/config-templatebuilder/avia-shortcodes/postslider/postsliderf08d.css]
[temeats.com/wp-content/cache/min/1/wp-content/themes/enfold/config-templatebuilder/avia-shortcodes/buttons/buttonsf08d.css]
[temeats.com/wp-content/cache/min/1/wp-content/themes/enfold/config-templatebuilder/avia-shortcodes/buttonrow/buttonrowf08d.css]
[temeats.com/comments/feed/index.html]
[temeats.com/wp-content/cache/min/1/wp-content/themes/enfold/config-templatebuilder/avia-shortcodes/buttons_fullwidth/buttons_fullwidthf08d.css]
[temeats.com/wp-content/cache/min/1/wp-content/themes/enfold/config-templatebuilder/avia-shortcodes/catalogue/cataloguef08d.css]
[temeats.com/wp-content/cache/min/1/wp-content/themes/enfold/config-templatebuilder/avia-shortcodes/comments/commentsf08d.css]
[temeats.com/wp-content/cache/min/1/wp-content/themes/enfold/config-templatebuilder/avia-shortcodes/contact/contactf08d.css]
[temeats.com/homepage/feed/index.html]
[temeats.com/wp-content/cache/min/1/wp-content/themes/enfold/config-templatebuilder/avia-shortcodes/slideshow/slideshowf08d.css]
[temeats.com/wp-content/cache/min/1/wp-content/themes/enfold/config-templatebuilder/avia-shortcodes/contentslider/contentsliderf08d.css]
[temeats.com/wp-content/cache/min/1/wp-content/themes/enfold/config-templatebuilder/avia-shortcodes/countdown/countdownf08d.css]
[temeats.com/wp-content/cache/min/1/wp-content/themes/enfold/config-templatebuilder/avia-shortcodes/gallery/galleryf08d.css]
[temeats.com/wp-content/cache/min/1/wp-content/themes/enfold/config-templatebuilder/avia-shortcodes/gallery_horizontal/gallery_horizontalf08d.css]
[temeats.com/wp-content/cache/min/1/wp-content/themes/enfold/config-templatebuilder/avia-shortcodes/google_maps/google_mapsf08d.css]
[temeats.com/wp-content/cache/min/1/wp-content/themes/enfold/config-templatebuilder/avia-shortcodes/grid_row/grid_rowf08d.css]
[temeats.com/wp-content/cache/min/1/wp-content/themes/enfold/config-templatebuilder/avia-shortcodes/heading/headingf08d.css]
[temeats.com/wp-content/cache/min/1/wp-content/themes/enfold/config-templatebuilder/avia-shortcodes/headline_rotator/headline_rotatorf08d.css]
[temeats.com/wp-content/cache/min/1/wp-content/themes/enfold/config-templatebuilder/avia-shortcodes/hr/hrf08d.css]
[temeats.com/wp-content/cache/min/1/wp-content/themes/enfold/config-templatebuilder/avia-shortcodes/icon/iconf08d.css]
[temeats.com/wp-content/cache/min/1/wp-content/themes/enfold/config-templatebuilder/avia-shortcodes/icon_circles/icon_circlesf08d.css]
[temeats.com/wp-content/cache/min/1/wp-content/themes/enfold/config-templatebuilder/avia-shortcodes/iconbox/iconboxf08d.css]
[temeats.com/wp-content/cache/min/1/wp-content/themes/enfold/config-templatebuilder/avia-shortcodes/icongrid/icongridf08d.css]
[temeats.com/wp-content/cache/min/1/wp-content/themes/enfold/config-templatebuilder/avia-shortcodes/iconlist/iconlistf08d.css]
[temeats.com/wp-content/cache/min/1/wp-content/themes/enfold/config-templatebuilder/avia-shortcodes/image/imagef08d.css]
[temeats.com/wp-content/cache/min/1/wp-content/themes/enfold/config-templatebuilder/avia-shortcodes/image_hotspots/image_hotspotsf08d.css]
[temeats.com/wp-content/cache/min/1/wp-content/themes/enfold/config-templatebuilder/avia-shortcodes/magazine/magazinef08d.css]
[temeats.com/wp-content/cache/min/1/wp-content/themes/enfold/config-templatebuilder/avia-shortcodes/masonry_entries/masonry_entriesf08d.css]
[temeats.com/wp-content/cache/min/1/wp-content/themes/enfold/css/avia-snippet-site-preloaderf08d.css]
[temeats.com/wp-content/cache/min/1/wp-content/themes/enfold/config-templatebuilder/avia-shortcodes/menu/menuf08d.css]
[temeats.com/wp-content/cache/min/1/wp-content/themes/enfold/config-templatebuilder/avia-shortcodes/notification/notificationf08d.css]
[temeats.com/wp-content/cache/min/1/wp-content/themes/enfold/config-templatebuilder/avia-shortcodes/numbers/numbersf08d.css]
[temeats.com/wp-content/cache/min/1/wp-content/themes/enfold/config-templatebuilder/avia-shortcodes/portfolio/portfoliof08d.css]
[temeats.com/wp-content/cache/min/1/wp-content/themes/enfold/config-templatebuilder/avia-shortcodes/post_metadata/post_metadataf08d.css]
[temeats.com/wp-content/cache/min/1/wp-content/themes/enfold/config-templatebuilder/avia-shortcodes/progressbar/progressbarf08d.css]
[temeats.com/wp-content/cache/min/1/wp-content/themes/enfold/config-templatebuilder/avia-shortcodes/promobox/promoboxf08d.css]
[temeats.com/wp-content/cache/min/1/wp-content/themes/enfold/config-templatebuilder/avia-shortcodes/search/searchf08d.css]
[temeats.com/wp-content/cache/min/1/wp-content/themes/enfold/config-templatebuilder/avia-shortcodes/slideshow_accordion/slideshow_accordionf08d.css]
[temeats.com/wp-content/cache/min/1/wp-content/themes/enfold/config-templatebuilder/avia-shortcodes/slideshow_feature_image/slideshow_feature_imagef08d.css]
[temeats.com/wp-content/cache/min/1/wp-content/themes/enfold/config-templatebuilder/avia-shortcodes/slideshow_fullsize/slideshow_fullsizef08d.css]
[temeats.com/wp-content/cache/min/1/wp-content/themes/enfold/config-templatebuilder/avia-shortcodes/slideshow_fullscreen/slideshow_fullscreenf08d.css]
[temeats.com/wp-content/cache/min/1/wp-content/themes/enfold/config-templatebuilder/avia-shortcodes/slideshow_layerslider/slideshow_layersliderf08d.css]
[temeats.com/wp-content/cache/min/1/wp-content/themes/enfold/config-templatebuilder/avia-shortcodes/social_share/social_sharef08d.css]
[temeats.com/wp-content/cache/min/1/wp-content/themes/enfold/config-templatebuilder/avia-shortcodes/tab_section/tab_sectionf08d.css]
[temeats.com/wp-content/cache/min/1/wp-content/themes/enfold/config-templatebuilder/avia-shortcodes/table/tablef08d.css]
[temeats.com/wp-content/cache/min/1/wp-content/themes/enfold/config-templatebuilder/avia-shortcodes/tabs/tabsf08d.css]
[temeats.com/wp-content/cache/min/1/wp-content/themes/enfold/config-templatebuilder/avia-shortcodes/team/teamf08d.css]
[temeats.com/wp-content/cache/min/1/wp-content/themes/enfold/config-templatebuilder/avia-shortcodes/testimonials/testimonialsf08d.css]
[temeats.com/wp-content/cache/min/1/wp-content/themes/enfold/config-templatebuilder/avia-shortcodes/timeline/timelinef08d.css]
[temeats.com/wp-content/cache/min/1/wp-content/themes/enfold/config-templatebuilder/avia-shortcodes/toggles/togglesf08d.css]
[temeats.com/wp-content/cache/min/1/wp-content/themes/enfold/config-templatebuilder/avia-shortcodes/video/videof08d.css]
[temeats.com/wp-content/cache/min/1/wp-content/themes/enfold/config-layerslider/LayerSlider/assets/static/layerslider/css/layersliderf08d.css]
[temeats.com/wp-includes/css/dist/block-library/style.minc764.css]
[temeats.com/wp-content/cache/min/1/wp-content/plugins/top-bar/css/topbar_stylef08d.css]
[temeats.com/wp-content/cache/min/1/wp-content/themes/enfold/css/shortcodesf08d.css]
[temeats.com/wp-content/themes/enfold/js/aviapopup/magnific-popup.min4d5c.css]
[temeats.com/wp-content/cache/min/1/wp-content/themes/enfold/css/avia-snippet-lightboxf08d.css]
[temeats.com/wp-content/cache/min/1/wp-content/themes/enfold/css/avia-snippet-widgetf08d.css]
[temeats.com/wp-includes/js/mediaelement/mediaelementplayer-legacy.min1f61.css]
[temeats.com/wp-includes/js/mediaelement/wp-mediaelement.minc764.css]
[temeats.com/wp-content/cache/min/1/wp-content/uploads/dynamic_avia/te_meatsf08d.css]
[temeats.com/wp-content/cache/min/1/wp-content/themes/enfold/css/customf08d.css]
[temeats.com/wp-content/cache/min/1/wp-content/themes/temeats/stylef08d.css]
[temeats.com/wp-content/plugins/gravityforms/legacy/css/formreset.mina19e.css]
[temeats.com/wp-content/plugins/gravityforms/legacy/css/formsmain.mina19e.css]
[temeats.com/wp-content/plugins/gravityforms/legacy/css/readyclass.mina19e.css]
[temeats.com/wp-content/plugins/gravityforms/legacy/css/browsers.mina19e.css]
[temeats.com/wp-content/cache/min/1/wp-content/themes/enfold/config-gravityforms/gravity-modf08d.css]
[temeats.com/wp-content/cache/min/1/wp-content/uploads/dynamic_avia/avia_posts_css/post-10f08d.css]
[temeats.com/wp-includes/js/jquery/jquery.mina7a0.js]
[temeats.com/wp-includes/js/jquery/jquery-migrate.mind617.js]
[temeats.com/wp-content/plugins/top-bar/js/tpbr_front.minc764.js]
[temeats.com/wp-content/cache/min/1/wp-content/themes/enfold/js/avia-compatf08d.js]
[temeats.com/wp-content/plugins/gravityforms/js/jquery.json.mina19e.js]
[temeats.com/wp-content/plugins/gravityforms/js/gravityforms.mina19e.js]
[temeats.com/wp-content/plugins/gravityforms/js/conditional_logic.mina19e.js]
[temeats.com/wp-json/wp/v2/pages/10.json]
[temeats.com/wp-json/index.html]
[temeats.com/xmlrpc0db0.php]
[temeats.com/wp-includes/wlwmanifest.xml]
[temeats.com/wp-json/oembed/1.0/embedaddc.json]
[temeats.com/wp-json/oembed/1.0/embed5ce2]
[temeats.com/xmlrpc.php]
[temeats.com/wp-content/uploads/2015/06/temeats_favicon.png]
[temeats.com/wp-content/themes/enfold/config-templatebuilder/avia-template-builder/assets/fonts/entypo-fontello.woff2]
[temeats.com/wp-content/themes/enfold/config-templatebuilder/avia-template-builder/assets/fonts/entypo-fontello.woff]
[temeats.com/wp-content/themes/enfold/config-templatebuilder/avia-template-builder/assets/fonts/entypo-fontello.ttf]
[temeats.com/wp-content/themes/enfold/config-templatebuilder/avia-template-builder/assets/fonts/entypo-fontello.svg]
[temeats.com/wp-content/themes/enfold/config-templatebuilder/avia-template-builder/assets/fonts/entypo-fontello.eot]
[temeats.com/wp-content/themes/enfold/config-templatebuilder/avia-template-builder/assets/fonts/entypo-fontellod41d.eot]
[temeats.com/wp-content/uploads/2015/05/logo1.png]
[temeats.com/wp-content/uploads/2015/06/slide4.jpg]
[temeats.com/services/index.html]
[temeats.com/wp-content/uploads/2015/06/schedule.svg]
[temeats.com/schedule-animals-for-processing.html]
[temeats.com/wp-content/uploads/2015/06/schedule-animal-slider.png]
[temeats.com/wp-content/uploads/2015/06/slide5.jpg]
[temeats.com/wp-content/uploads/2015/06/slide3.jpg]
[temeats.com/customer-resources/index.html]
[temeats.com/wp-content/uploads/2020/11/Packing-Room.jpg]
[temeats.com/meats-resources/index.html]
[temeats.com/wp-content/uploads/2015/06/resources.svg]
[temeats.com/customer-resources.html]
[temeats.com/wp-content/uploads/2015/05/resources.png]
[temeats.com/meat-industry-information/index.html]
[temeats.com/wp-content/uploads/2015/06/services.svg]
[temeats.com/services.html]
[temeats.com/wp-content/uploads/2015/05/services.png]
[temeats.com/wp-content/uploads/2015/06/our-farmers.svg]
[temeats.com/local-meats-and-eats/index.html]
[temeats.com/our-farmers.html]
[temeats.com/wp-content/uploads/2015/05/our_farmers.png]
[temeats.com/our-farmers/index.html]
[temeats.com/about/index.html]
[temeats.com/blog/index.html]
[temeats.com/category/announcements/index.html]
[temeats.com/contact/index.html]
[temeats.com/covid-19-unleashes-extraordinary-demand-for-local-meat-processing/index.html]
[temeats.com/te-meats-now-offers-value-added-processing-services-for-bacon-and-ham/index.html]
[temeats.com/index1919.html]
[temeats.com/virginia-farm-to-school-conference-march-14/index.html]
[temeats.com/animal-processing-thank-you/index.html]
[temeats.com/contact-thank-you/index.html]
[temeats.com/wp-content/themes/enfold/js/waypoints/waypoints.min4d5c.js]
[temeats.com/wp-content/cache/min/1/wp-content/themes/enfold/js/aviaf08d.js]
[temeats.com/wp-content/cache/min/1/wp-content/themes/enfold/js/shortcodesf08d.js]
[temeats.com/wp-content/cache/min/1/wp-content/themes/enfold/config-templatebuilder/avia-shortcodes/audio-player/audio-playerf08d.js]
[temeats.com/covid-19-response/index.html]
[temeats.com/wp-content/themes/enfold/config-templatebuilder/avia-shortcodes/chart/chart-js.min4d5c.js]
[temeats.com/wp-content/cache/min/1/wp-content/themes/enfold/config-templatebuilder/avia-shortcodes/chart/chartf08d.js]
[temeats.com/wp-content/cache/min/1/wp-content/themes/enfold/config-templatebuilder/avia-shortcodes/contact/contactf08d.js]
[temeats.com/wp-content/cache/min/1/wp-content/themes/enfold/config-templatebuilder/avia-shortcodes/slideshow/slideshowf08d.js]
[temeats.com/get-in-touch/index.html]
[temeats.com/wp-content/cache/min/1/wp-content/themes/enfold/config-templatebuilder/avia-shortcodes/countdown/countdownf08d.js]
[temeats.com/wp-content/cache/min/1/wp-content/themes/enfold/config-templatebuilder/avia-shortcodes/gallery/galleryf08d.js]
[temeats.com/wp-content/cache/min/1/wp-content/themes/enfold/config-templatebuilder/avia-shortcodes/gallery_horizontal/gallery_horizontalf08d.js]
[temeats.com/wp-content/cache/min/1/wp-content/themes/enfold/config-templatebuilder/avia-shortcodes/headline_rotator/headline_rotatorf08d.js]
[temeats.com/wp-content/cache/min/1/wp-content/themes/enfold/config-templatebuilder/avia-shortcodes/icon_circles/icon_circlesf08d.js]
[temeats.com/get-in-touch-thank-you/index.html]
[temeats.com/wp-content/cache/min/1/wp-content/themes/enfold/config-templatebuilder/avia-shortcodes/icongrid/icongridf08d.js]
[temeats.com/wp-content/cache/min/1/wp-content/themes/enfold/config-templatebuilder/avia-shortcodes/iconlist/iconlistf08d.js]
[temeats.com/wp-content/cache/min/1/wp-content/themes/enfold/config-templatebuilder/avia-shortcodes/image_hotspots/image_hotspotsf08d.js]
[temeats.com/have-questions-thank-you/index.html]
[temeats.com/wp-content/cache/min/1/wp-content/themes/enfold/config-templatebuilder/avia-shortcodes/magazine/magazinef08d.js]
[temeats.com/wp-content/themes/enfold/config-templatebuilder/avia-shortcodes/portfolio/isotope.min4d5c.js]
[temeats.com/wp-content/cache/min/1/wp-content/themes/enfold/config-templatebuilder/avia-shortcodes/masonry_entries/masonry_entriesf08d.js]
[temeats.com/wp-content/cache/min/1/wp-content/themes/enfold/config-templatebuilder/avia-shortcodes/menu/menuf08d.js]
[temeats.com/jl-green-farm/index.html]
[temeats.com/wp-content/cache/min/1/wp-content/themes/enfold/config-templatebuilder/avia-shortcodes/notification/notificationf08d.js]
[temeats.com/wp-content/cache/min/1/wp-content/themes/enfold/config-templatebuilder/avia-shortcodes/numbers/numbersf08d.js]
[temeats.com/wp-content/cache/min/1/wp-content/themes/enfold/config-templatebuilder/avia-shortcodes/portfolio/portfoliof08d.js]
[temeats.com/wp-content/cache/min/1/wp-content/themes/enfold/config-templatebuilder/avia-shortcodes/progressbar/progressbarf08d.js]
[temeats.com/wp-content/cache/min/1/wp-content/themes/enfold/config-templatebuilder/avia-shortcodes/slideshow/slideshow-videof08d.js]
[temeats.com/papa-weavers-pork/index.html]
[temeats.com/wp-content/cache/min/1/wp-content/themes/enfold/config-templatebuilder/avia-shortcodes/slideshow_accordion/slideshow_accordionf08d.js]
[temeats.com/wp-content/cache/min/1/wp-content/themes/enfold/config-templatebuilder/avia-shortcodes/slideshow_fullscreen/slideshow_fullscreenf08d.js]
[temeats.com/wp-content/cache/min/1/wp-content/themes/enfold/config-templatebuilder/avia-shortcodes/slideshow_layerslider/slideshow_layersliderf08d.js]
[temeats.com/wp-content/cache/min/1/wp-content/themes/enfold/config-templatebuilder/avia-shortcodes/tab_section/tab_sectionf08d.js]
[temeats.com/wp-content/cache/min/1/wp-content/themes/enfold/config-templatebuilder/avia-shortcodes/tabs/tabsf08d.js]
[temeats.com/polyface-farms/index.html]
[temeats.com/wp-content/cache/min/1/wp-content/themes/enfold/config-templatebuilder/avia-shortcodes/testimonials/testimonialsf08d.js]
[temeats.com/wp-content/cache/min/1/wp-content/themes/enfold/config-templatebuilder/avia-shortcodes/timeline/timelinef08d.js]
[temeats.com/wp-content/cache/min/1/wp-content/themes/enfold/config-templatebuilder/avia-shortcodes/toggles/togglesf08d.js]
[temeats.com/wp-content/cache/min/1/wp-content/themes/enfold/config-templatebuilder/avia-shortcodes/video/videof08d.js]
[temeats.com/schedule-animals-for-processing/index.html]
[temeats.com/wp-content/cache/min/1/wp-content/themes/enfold/js/avia-snippet-hamburger-menuf08d.js]
[temeats.com/category/uncategorized/index.html]
[temeats.com/wp-content/cache/min/1/wp-content/themes/enfold/js/avia-snippet-parallaxf08d.js]
[temeats.com/wp-content/themes/enfold/js/aviapopup/jquery.magnific-popup.min4d5c.js]
[temeats.com/2020/11/index.html]
[temeats.com/2019/04/index.html]
[temeats.com/wp-content/cache/min/1/wp-content/themes/enfold/js/avia-snippet-lightboxf08d.js]
[temeats.com/wp-content/cache/min/1/wp-content/themes/enfold/js/avia-snippet-megamenuf08d.js]
[temeats.com/wp-content/cache/min/1/wp-content/themes/enfold/js/avia-snippet-footer-effectsc634.js]
[temeats.com/wp-content/cache/min/1/wp-content/themes/enfold/js/avia-snippet-widgetc634.js]
[temeats.com/wp-includes/js/mediaelement/mediaelement-and-player.min1f61.js]
[temeats.com/2019/03/index.html]
[temeats.com/wp-includes/js/mediaelement/mediaelement-migrate.minc764.js]
[temeats.com/wp-includes/js/mediaelement/wp-mediaelement.minc764.js]
[temeats.com/wp-includes/js/dist/vendor/regenerator-runtime.min3937.js]
[temeats.com/2019/02/index.html]
[temeats.com/wp-includes/js/dist/vendor/wp-polyfill.min2c7c.js]
[temeats.com/wp-includes/js/dist/dom-ready.minded6.js]
[temeats.com/wp-includes/js/dist/hooks.min6c65.js]
[temeats.com/wp-includes/js/dist/i18n.mine57b.js]
[temeats.com/2018/12/index.html]
[temeats.com/wp-includes/js/dist/a11y.min65c7.js]
[temeats.com/wp-content/plugins/gravityforms/js/jquery.maskedinput.mina19e.js]
[temeats.com/wp-content/cache/min/1/wp-content/themes/enfold/framework/js/conditional_load/avia_google_maps_frontc634.js]
[temeats.com/wp-content/cache/min/1/wp-content/themes/enfold/config-layerslider/LayerSlider/assets/static/layerslider/js/layerslider.utilsc634.js]
[temeats.com/wp-content/cache/min/1/wp-content/themes/enfold/config-layerslider/LayerSlider/assets/static/layerslider/js/layerslider.kreaturamedia.jqueryc634.js]
[temeats.com/2018/11/index.html]
[temeats.com/wp-content/cache/min/1/wp-content/themes/enfold/config-layerslider/LayerSlider/assets/static/layerslider/js/layerslider.transitionsc634.js]
[temeats.com/index.html]
[fonts.googleapis.com/cssc533.html]
[temeats.com/wp-content/cache/min/1/wp-content/themes/enfold/css/gridf08d.css]
[temeats.com/2018/10/index.html]
[temeats.com/wp-content/cache/min/1/wp-content/themes/enfold/css/basef08d.css]
[temeats.com/2018/01/index.html]
[temeats.com/wp-content/cache/min/1/wp-content/themes/enfold/css/layoutf08d.css]
[temeats.com/2017/07/index.html]
[temeats.com/wp-content/cache/min/1/wp-content/themes/enfold/config-templatebuilder/avia-shortcodes/audio-player/audio-playerf08d.css]
[temeats.com/wp-content/cache/min/1/wp-content/themes/enfold/config-templatebuilder/avia-shortcodes/blog/blogf08d.css]
[temeats.com/wp-content/cache/min/1/wp-content/themes/enfold/config-templatebuilder/avia-shortcodes/postslider/postsliderf08d.css]
[temeats.com/2015/06/index.html]
[temeats.com/wp-content/cache/min/1/wp-content/themes/enfold/config-templatebuilder/avia-shortcodes/buttons/buttonsf08d.css]
[temeats.com/2014/11/index.html]
[temeats.com/2016/08/index.html]
[temeats.com/wp-content/cache/min/1/wp-content/themes/enfold/config-templatebuilder/avia-shortcodes/buttonrow/buttonrowf08d.css]
[temeats.com/2015/07/index.html]
[temeats.com/2012/04/index.html]
[temeats.com/wp-content/cache/min/1/wp-content/themes/enfold/config-templatebuilder/avia-shortcodes/buttons_fullwidth/buttons_fullwidthf08d.css]
[temeats.com/wp-content/cache/min/1/wp-content/themes/enfold/config-templatebuilder/avia-shortcodes/catalogue/cataloguef08d.css]
[temeats.com/wp-content/cache/min/1/wp-content/themes/enfold/config-templatebuilder/avia-shortcodes/comments/commentsf08d.css]
[temeats.com/wp-content/cache/min/1/wp-content/themes/enfold/config-templatebuilder/avia-shortcodes/contact/contactf08d.css]
[temeats.com/wp-content/cache/min/1/wp-content/themes/enfold/config-templatebuilder/avia-shortcodes/slideshow/slideshowf08d.css]
[temeats.com/wp-content/cache/min/1/wp-content/themes/enfold/config-templatebuilder/avia-shortcodes/contentslider/contentsliderf08d.css]
[temeats.com/wp-content/cache/min/1/wp-content/themes/enfold/config-templatebuilder/avia-shortcodes/countdown/countdownf08d.css]
[temeats.com/wp-content/cache/min/1/wp-content/themes/enfold/config-templatebuilder/avia-shortcodes/gallery/galleryf08d.css]
[temeats.com/wp-content/cache/min/1/wp-content/themes/enfold/config-templatebuilder/avia-shortcodes/gallery_horizontal/gallery_horizontalf08d.css]
[temeats.com/wp-content/cache/min/1/wp-content/themes/enfold/config-templatebuilder/avia-shortcodes/google_maps/google_mapsf08d.css]
[temeats.com/wp-content/cache/min/1/wp-content/themes/enfold/config-templatebuilder/avia-shortcodes/grid_row/grid_rowf08d.css]
[temeats.com/wp-content/cache/min/1/wp-content/themes/enfold/config-templatebuilder/avia-shortcodes/heading/headingf08d.css]
[temeats.com/wp-content/cache/min/1/wp-content/themes/enfold/config-templatebuilder/avia-shortcodes/headline_rotator/headline_rotatorf08d.css]
[temeats.com/wp-content/cache/min/1/wp-content/themes/enfold/config-templatebuilder/avia-shortcodes/hr/hrf08d.css]
[temeats.com/wp-content/cache/min/1/wp-content/themes/enfold/config-templatebuilder/avia-shortcodes/icon/iconf08d.css]
[temeats.com/wp-content/cache/min/1/wp-content/themes/enfold/config-templatebuilder/avia-shortcodes/icon_circles/icon_circlesf08d.css]
[temeats.com/wp-content/cache/min/1/wp-content/themes/enfold/config-templatebuilder/avia-shortcodes/iconbox/iconboxf08d.css]
[temeats.com/wp-content/cache/min/1/wp-content/themes/enfold/config-templatebuilder/avia-shortcodes/icongrid/icongridf08d.css]
[temeats.com/wp-content/cache/min/1/wp-content/themes/enfold/config-templatebuilder/avia-shortcodes/iconlist/iconlistf08d.css]
[temeats.com/wp-content/cache/min/1/wp-content/themes/enfold/config-templatebuilder/avia-shortcodes/image/imagef08d.css]
[temeats.com/wp-content/cache/min/1/wp-content/themes/enfold/config-templatebuilder/avia-shortcodes/image_hotspots/image_hotspotsf08d.css]
[temeats.com/wp-content/cache/min/1/wp-content/themes/enfold/config-templatebuilder/avia-shortcodes/magazine/magazinef08d.css]
[temeats.com/wp-content/cache/min/1/wp-content/themes/enfold/config-templatebuilder/avia-shortcodes/masonry_entries/masonry_entriesf08d.css]
[temeats.com/wp-content/cache/min/1/wp-content/themes/enfold/css/avia-snippet-site-preloaderf08d.css]
[temeats.com/wp-content/cache/min/1/wp-content/themes/enfold/config-templatebuilder/avia-shortcodes/menu/menuf08d.css]
[temeats.com/wp-content/cache/min/1/wp-content/themes/enfold/config-templatebuilder/avia-shortcodes/notification/notificationf08d.css]
[temeats.com/wp-content/cache/min/1/wp-content/themes/enfold/config-templatebuilder/avia-shortcodes/numbers/numbersf08d.css]
[temeats.com/wp-content/cache/min/1/wp-content/themes/enfold/config-templatebuilder/avia-shortcodes/portfolio/portfoliof08d.css]
[temeats.com/wp-content/cache/min/1/wp-content/themes/enfold/config-templatebuilder/avia-shortcodes/post_metadata/post_metadataf08d.css]
[temeats.com/wp-content/cache/min/1/wp-content/themes/enfold/config-templatebuilder/avia-shortcodes/progressbar/progressbarf08d.css]
[temeats.com/wp-content/cache/min/1/wp-content/themes/enfold/config-templatebuilder/avia-shortcodes/promobox/promoboxf08d.css]
[temeats.com/wp-content/cache/min/1/wp-content/themes/enfold/config-templatebuilder/avia-shortcodes/search/searchf08d.css]
[temeats.com/wp-content/cache/min/1/wp-content/themes/enfold/config-templatebuilder/avia-shortcodes/slideshow_accordion/slideshow_accordionf08d.css]
[temeats.com/wp-content/cache/min/1/wp-content/themes/enfold/config-templatebuilder/avia-shortcodes/slideshow_feature_image/slideshow_feature_imagef08d.css]
[temeats.com/wp-content/cache/min/1/wp-content/themes/enfold/config-templatebuilder/avia-shortcodes/slideshow_fullsize/slideshow_fullsizef08d.css]
[temeats.com/wp-content/cache/min/1/wp-content/themes/enfold/config-templatebuilder/avia-shortcodes/slideshow_fullscreen/slideshow_fullscreenf08d.css]
[temeats.com/wp-content/cache/min/1/wp-content/themes/enfold/config-templatebuilder/avia-shortcodes/slideshow_layerslider/slideshow_layersliderf08d.css]
[temeats.com/wp-content/cache/min/1/wp-content/themes/enfold/config-templatebuilder/avia-shortcodes/social_share/social_sharef08d.css]
[temeats.com/wp-content/cache/min/1/wp-content/themes/enfold/config-templatebuilder/avia-shortcodes/tab_section/tab_sectionf08d.css]
[temeats.com/wp-content/cache/min/1/wp-content/themes/enfold/config-templatebuilder/avia-shortcodes/table/tablef08d.css]
[temeats.com/wp-content/cache/min/1/wp-content/themes/enfold/config-templatebuilder/avia-shortcodes/tabs/tabsf08d.css]
[temeats.com/wp-content/cache/min/1/wp-content/themes/enfold/config-templatebuilder/avia-shortcodes/team/teamf08d.css]
[temeats.com/wp-content/cache/min/1/wp-content/themes/enfold/config-templatebuilder/avia-shortcodes/testimonials/testimonialsf08d.css]
[temeats.com/wp-content/cache/min/1/wp-content/themes/enfold/config-templatebuilder/avia-shortcodes/timeline/timelinef08d.css]
[temeats.com/wp-content/cache/min/1/wp-content/themes/enfold/config-templatebuilder/avia-shortcodes/toggles/togglesf08d.css]
[temeats.com/wp-content/cache/min/1/wp-content/themes/enfold/config-templatebuilder/avia-shortcodes/video/videof08d.css]
[temeats.com/wp-content/cache/min/1/wp-content/themes/enfold/config-layerslider/LayerSlider/assets/static/layerslider/css/layersliderf08d.css]
[temeats.com/wp-includes/css/dist/block-library/style.minc764.css]
[temeats.com/wp-content/cache/min/1/wp-content/plugins/top-bar/css/topbar_stylef08d.css]
[temeats.com/wp-content/cache/min/1/wp-content/themes/enfold/css/shortcodesf08d.css]
[temeats.com/wp-content/themes/enfold/js/aviapopup/magnific-popup.min4d5c.css]
[temeats.com/wp-content/cache/min/1/wp-content/themes/enfold/css/avia-snippet-lightboxf08d.css]
[temeats.com/wp-content/cache/min/1/wp-content/themes/enfold/css/avia-snippet-widgetf08d.css]
[temeats.com/wp-includes/js/mediaelement/mediaelementplayer-legacy.min1f61.css]
[temeats.com/wp-includes/js/mediaelement/wp-mediaelement.minc764.css]
[temeats.com/wp-content/cache/min/1/wp-content/uploads/dynamic_avia/te_meatsf08d.css]
[temeats.com/wp-content/cache/min/1/wp-content/themes/enfold/css/customf08d.css]
[temeats.com/wp-content/cache/min/1/wp-content/themes/temeats/stylef08d.css]
[temeats.com/wp-content/plugins/gravityforms/legacy/css/formreset.mina19e.css]
[temeats.com/wp-content/plugins/gravityforms/legacy/css/formsmain.mina19e.css]
[temeats.com/wp-content/plugins/gravityforms/legacy/css/readyclass.mina19e.css]
[temeats.com/wp-content/plugins/gravityforms/legacy/css/browsers.mina19e.css]
[temeats.com/wp-content/cache/min/1/wp-content/themes/enfold/config-gravityforms/gravity-modf08d.css]
[temeats.com/wp-content/cache/min/1/wp-content/uploads/dynamic_avia/avia_posts_css/post-10f08d.css]
[temeats.com/wp-content/themes/enfold/framework/index.html]
[temeats.com/wp-content/themes/enfold/index.html]
[temeats.com/2012/03/index.html]
[temeats.com/2009/12/index.html]
[temeats.com/2010/05/index.html]
[gmpg.org/xfn/11.html]
[temeats.com/xmlrpc.php]
[temeats.com/wp-content/themes/enfold/config-templatebuilder/avia-template-builder/assets/fonts/entypo-fontello.svg]
[schema.org/WPHeader.html]
[www.facebook.com/TEMeats.html]
[schema.org/SiteNavigationElement.html]
[temeats.com/wp-content/cache/min/1/wp-content/uploads/dynamic_avia/avia_posts_css/post-394cc4.css]
[temeats.com/services/feed/index.html]
[temeats.com/wp-json/wp/v2/pages/39.json]
[temeats.com/wp-json/oembed/1.0/embedf622.json]
[temeats.com/wp-json/oembed/1.0/embedcbce]
[temeats.com/services/index1919.html]
[temeats.com/wp-content/uploads/2021/11/2021-Processing-Fees-September-Update.pdf]
[temeats.com/wp-content/uploads/2020/11/Customer-Guidelines-2020.pdf]
[temeats.com/cdn-cgi/l/email-protection.html]
[temeats.com/wp-content/uploads/2018/10/Customer-Guidelines-2017.pdf]
[temeats.com/wp-content/uploads/2015/05/cow-rect.jpg]
[temeats.com/wp-content/uploads/2015/05/pig-rect.jpg]
[temeats.com/wp-content/uploads/2015/05/lamb-rect.jpg]
[temeats.com/wp-content/uploads/2015/05/goat-rect.jpg]
[temeats.com/piedmont-environmental-council-beef-survey/index.html]
[temeats.com/wp-content/uploads/2015/06/schedule-sidebar.svg]
[temeats.com/upcoming-holiday-hours/index.html]
[temeats.com/wp-content/uploads/2015/05/schedule-sidebar.png]
[temeats.com/cdn-cgi/scripts/5c5dd728/cloudflare-static/email-decode.min.js]
[temeats.com/wp-content/uploads/2015/06/services_sidebar.png]
[temeats.com/services/index.html]
[temeats.com/thanksgiving-holiday-hours/index.html]
[temeats.com/announcing-fhcasas-go-grass-fed-campaign/index.html]
[temeats.com/wp-content/cache/min/1/wp-content/uploads/dynamic_avia/avia_posts_css/post-1337be2.css]
[temeats.com/contacting-us-through-this-web-site/index.html]
[temeats.com/available-processing-services/index.html]
[temeats.com/wp-json/wp/v2/pages/133.json]
[temeats.com/customer-resources/feed/index.html]
[temeats.com/wp-json/oembed/1.0/embed35c3.json]
[temeats.com/wp-json/oembed/1.0/embedeb3c]
[temeats.com/customer-resources/index.html]
[temeats.com/meats-resources.html]
[temeats.com/customer-resources/index1919.html]
[temeats.com/wp-content/cache/min/1/wp-content/uploads/dynamic_avia/avia_posts_css/post-129a42c.css]
[temeats.com/wp-json/wp/v2/pages/129.json]
[temeats.com/meats-resources/feed/index.html]
[temeats.com/wp-json/oembed/1.0/embedc9c3.json]
[temeats.com/wp-json/oembed/1.0/embed0404]
[temeats.com/wp-content/uploads/2020/11/2020-customer-guidelines.jpg]
[temeats.com/wp-content/uploads/2015/06/2014-Processing-Fees-Image-232x300.png]
[temeats.com/wp-content/uploads/2019/08/WL-Beef.pdf]
[temeats.com/wp-content/uploads/2019/08/WL-Pork-.pdf]
[temeats.com/meats-resources/index1919.html]
[temeats.com/wp-content/uploads/2018/09/Lamb-Cut-Sheet-092018.pdf]
[temeats.com/wp-content/uploads/2015/06/Goat-Cut-Sheet.pdf]
[temeats.com/wp-content/uploads/2019/08/Locker-Beef-Cut-Sheet.pdf]
[temeats.com/wp-content/uploads/2019/08/Locker-Pork-Cut-Sheet.pdf]
[temeats.com/wp-content/uploads/2020/11/Value-Added-Information.pdf]
[temeats.com/wp-content/uploads/2020/11/Value-Added-Image.jpg]
[temeats.com/wp-content/uploads/2015/06/Locker-Meat-Brochure-TE1.pdf]
[temeats.com/wp-content/uploads/2015/06/Locker-Meat-Brochure-Image-231x300.png]
[temeats.com/wp-content/uploads/2015/06/TE-Lable-Specs-Image.png]
[temeats.com/wp-content/uploads/2015/06/TE-Lable-Specs-Image-242x300.png]
[temeats.com/meats-resources/index.html]
[temeats.com/wp-content/uploads/2015/06/AWA-Logo-Final-300x276.jpg]
[temeats.com/wp-content/cache/min/1/wp-content/uploads/dynamic_avia/avia_posts_css/post-127a0d7.css]
[temeats.com/meat-industry-information/feed/index.html]
[temeats.com/wp-json/wp/v2/pages/127.json]
[temeats.com/wp-json/oembed/1.0/embed5fb6.json]
[temeats.com/wp-json/oembed/1.0/embede7f1]
[temeats.com/wp-content/uploads/2015/06/AAMP-logo-hi-res.jpg]
[temeats.com/wp-content/uploads/2015/06/NMPAN_Logo-300x244.jpg]
[temeats.com/meat-industry-information/index1919.html]
[temeats.com/wp-content/uploads/2015/06/NCC_highRes_Logo-Ver-2.png]
[temeats.com/wp-content/uploads/2015/06/VABF-Logo-300x160.jpg]
[temeats.com/wp-content/uploads/2015/06/FHCASA-logo-high-res-300x93.jpg]
[temeats.com/wp-content/uploads/2015/06/Butchers-Guild-Logo.png]
[temeats.com/meat-industry-information/index.html]
[temeats.com/local-meats-and-eats/index.html]
[temeats.com/our-farmers/index.html]
[temeats.com/about/index.html]
[temeats.com/blog/index.html]
[temeats.com/category/announcements/index.html]
[temeats.com/contact/index.html]
[temeats.com/index1919.html]
[temeats.com/wp-content/uploads/2015/06/schedule.svg]
[temeats.com/schedule-animals-for-processing.html]
[schema.org/CreativeWork.html]
[temeats.com/wp-content/uploads/2015/06/resources.svg]
[temeats.com/customer-resources.html]
[temeats.com/wp-content/uploads/2015/06/services.svg]
[temeats.com/services.html]
[temeats.com/wp-content/uploads/2015/06/our-farmers.svg]
[temeats.com/our-farmers.html]
[schema.org/Blog.html]
[temeats.com/covid-19-unleashes-extraordinary-demand-for-local-meat-processing/index.html]
[schema.org/ImageObject.html]
[schema.org/Person.html]
[schema.org/dateModified.html]
[schema.org/mainEntityOfPage.html]
[temeats.com/te-meats-now-offers-value-added-processing-services-for-bacon-and-ham/index.html]
[temeats.com/virginia-farm-to-school-conference-march-14/index.html]
[temeats.com/animal-processing-thank-you/index.html]
[temeats.com/contact-thank-you/index.html]
[temeats.com/covid-19-response/index.html]
[temeats.com/get-in-touch/index.html]
[temeats.com/get-in-touch-thank-you/index.html]
[temeats.com/have-questions-thank-you/index.html]
[temeats.com/jl-green-farm/index.html]
[temeats.com/papa-weavers-pork/index.html]
[temeats.com/polyface-farms/index.html]
[temeats.com/schedule-animals-for-processing/index.html]
[temeats.com/category/uncategorized/index.html]
[temeats.com/2020/11/index.html]
[temeats.com/2019/04/index.html]
[temeats.com/2019/03/index.html]
[temeats.com/2019/02/index.html]
[temeats.com/2018/12/index.html]
